
===========================================================================
report_checks -path_delay max (Setup)
============================================================================
Startpoint: _10999_ (rising edge-triggered flip-flop clocked by clock)
Endpoint: _10699_ (rising edge-triggered flip-flop clocked by clock)
Path Group: clock
Path Type: max

Fanout     Cap    Slew   Delay    Time   Description
-----------------------------------------------------------------------------
                  0.15    0.00    0.00   clock clock (rise edge)
                          0.00    0.00   clock network delay (ideal)
                  0.15    0.00    0.00 ^ _10999_/CLK (sky130_fd_sc_hd__dfxtp_2)
                  0.08    0.42    0.42 v _10999_/Q (sky130_fd_sc_hd__dfxtp_2)
     4    0.03                           pid.sigma_old[6] (net)
                  0.08    0.00    0.42 v _06338_/A (sky130_fd_sc_hd__xnor2_4)
                  0.09    0.19    0.61 v _06338_/Y (sky130_fd_sc_hd__xnor2_4)
     3    0.02                           _01315_ (net)
                  0.09    0.00    0.61 v _06339_/A (sky130_fd_sc_hd__or3b_1)
                  0.08    0.43    1.04 v _06339_/X (sky130_fd_sc_hd__or3b_1)
     2    0.01                           _01316_ (net)
                  0.08    0.00    1.04 v _06342_/C (sky130_fd_sc_hd__or3_1)
                  0.07    0.34    1.38 v _06342_/X (sky130_fd_sc_hd__or3_1)
     1    0.00                           _01319_ (net)
                  0.07    0.00    1.38 v _06343_/B1 (sky130_fd_sc_hd__a311o_1)
                  0.09    0.39    1.77 v _06343_/X (sky130_fd_sc_hd__a311o_1)
     2    0.01                           _01320_ (net)
                  0.09    0.00    1.77 v _06347_/A3 (sky130_fd_sc_hd__a31o_2)
                  0.08    0.33    2.09 v _06347_/X (sky130_fd_sc_hd__a31o_2)
     3    0.02                           _01324_ (net)
                  0.08    0.00    2.09 v _06362_/A1 (sky130_fd_sc_hd__o311ai_4)
                  0.33    0.40    2.49 ^ _06362_/Y (sky130_fd_sc_hd__o311ai_4)
     3    0.02                           _01339_ (net)
                  0.33    0.00    2.49 ^ _06363_/B2 (sky130_fd_sc_hd__a221o_1)
                  0.08    0.24    2.73 ^ _06363_/X (sky130_fd_sc_hd__a221o_1)
     2    0.01                           _01340_ (net)
                  0.08    0.00    2.73 ^ _06365_/A3 (sky130_fd_sc_hd__a31o_2)
                  0.15    0.25    2.98 ^ _06365_/X (sky130_fd_sc_hd__a31o_2)
     2    0.02                           _01342_ (net)
                  0.15    0.00    2.98 ^ _06380_/A (sky130_fd_sc_hd__xor2_2)
                  0.10    0.12    3.10 v _06380_/X (sky130_fd_sc_hd__xor2_2)
     4    0.01                           _01357_ (net)
                  0.10    0.00    3.10 v _06382_/A (sky130_fd_sc_hd__clkbuf_2)
                  0.08    0.18    3.27 v _06382_/X (sky130_fd_sc_hd__clkbuf_2)
     5    0.02                           _01359_ (net)
                  0.08    0.00    3.27 v _06398_/C (sky130_fd_sc_hd__or3_1)
                  0.08    0.35    3.63 v _06398_/X (sky130_fd_sc_hd__or3_1)
     2    0.01                           _01375_ (net)
                  0.08    0.00    3.63 v _06598_/B1 (sky130_fd_sc_hd__o2111a_1)
                  0.07    0.18    3.81 v _06598_/X (sky130_fd_sc_hd__o2111a_1)
     2    0.01                           _01575_ (net)
                  0.07    0.00    3.81 v _06599_/B1 (sky130_fd_sc_hd__a31o_1)
                  0.09    0.25    4.06 v _06599_/X (sky130_fd_sc_hd__a31o_1)
     4    0.02                           _01576_ (net)
                  0.09    0.00    4.07 v _06601_/B (sky130_fd_sc_hd__and3_1)
                  0.05    0.20    4.27 v _06601_/X (sky130_fd_sc_hd__and3_1)
     2    0.01                           _01578_ (net)
                  0.05    0.00    4.27 v _06603_/B (sky130_fd_sc_hd__or3_1)
                  0.10    0.40    4.67 v _06603_/X (sky130_fd_sc_hd__or3_1)
     3    0.01                           _01580_ (net)
                  0.10    0.00    4.67 v _06610_/C (sky130_fd_sc_hd__and3_1)
                  0.04    0.22    4.89 v _06610_/X (sky130_fd_sc_hd__and3_1)
     2    0.00                           _01587_ (net)
                  0.04    0.00    4.89 v _06633_/A (sky130_fd_sc_hd__or3b_1)
                  0.09    0.43    5.32 v _06633_/X (sky130_fd_sc_hd__or3b_1)
     3    0.01                           _01610_ (net)
                  0.09    0.00    5.32 v _06646_/A1 (sky130_fd_sc_hd__a21o_1)
                  0.04    0.19    5.51 v _06646_/X (sky130_fd_sc_hd__a21o_1)
     2    0.01                           _01623_ (net)
                  0.04    0.00    5.51 v _06650_/A2 (sky130_fd_sc_hd__a21o_1)
                  0.06    0.21    5.72 v _06650_/X (sky130_fd_sc_hd__a21o_1)
     3    0.01                           _01627_ (net)
                  0.06    0.00    5.72 v _06652_/A2 (sky130_fd_sc_hd__a21bo_1)
                  0.06    0.23    5.95 v _06652_/X (sky130_fd_sc_hd__a21bo_1)
     2    0.01                           _01629_ (net)
                  0.06    0.00    5.95 v _06654_/A2 (sky130_fd_sc_hd__a21o_1)
                  0.06    0.22    6.16 v _06654_/X (sky130_fd_sc_hd__a21o_1)
     2    0.01                           _01631_ (net)
                  0.06    0.00    6.16 v _06656_/A2 (sky130_fd_sc_hd__a21o_1)
                  0.09    0.25    6.41 v _06656_/X (sky130_fd_sc_hd__a21o_1)
     4    0.02                           _01633_ (net)
                  0.09    0.00    6.41 v _06699_/A1 (sky130_fd_sc_hd__a21oi_1)
                  0.24    0.24    6.65 ^ _06699_/Y (sky130_fd_sc_hd__a21oi_1)
     1    0.01                           _01676_ (net)
                  0.24    0.00    6.65 ^ _06700_/B (sky130_fd_sc_hd__xnor2_2)
                  0.09    0.13    6.79 v _06700_/Y (sky130_fd_sc_hd__xnor2_2)
     2    0.01                           _01677_ (net)
                  0.09    0.00    6.79 v _06731_/B (sky130_fd_sc_hd__xor2_2)
                  0.09    0.19    6.97 v _06731_/X (sky130_fd_sc_hd__xor2_2)
     2    0.01                           _01708_ (net)
                  0.09    0.00    6.97 v _06733_/A (sky130_fd_sc_hd__xnor2_2)
                  0.29    0.31    7.28 ^ _06733_/Y (sky130_fd_sc_hd__xnor2_2)
     2    0.02                           _01710_ (net)
                  0.29    0.00    7.28 ^ _06735_/A2 (sky130_fd_sc_hd__a21o_1)
                  0.12    0.24    7.52 ^ _06735_/X (sky130_fd_sc_hd__a21o_1)
     2    0.01                           _01712_ (net)
                  0.12    0.00    7.52 ^ _06737_/A2 (sky130_fd_sc_hd__a21o_1)
                  0.18    0.24    7.76 ^ _06737_/X (sky130_fd_sc_hd__a21o_1)
     2    0.02                           _01714_ (net)
                  0.18    0.00    7.76 ^ _06929_/B (sky130_fd_sc_hd__xor2_4)
                  0.28    0.31    8.07 ^ _06929_/X (sky130_fd_sc_hd__xor2_4)
     2    0.04                           _01906_ (net)
                  0.28    0.00    8.07 ^ _06930_/B (sky130_fd_sc_hd__xor2_4)
                  0.24    0.28    8.36 ^ _06930_/X (sky130_fd_sc_hd__xor2_4)
     2    0.03                           _01907_ (net)
                  0.24    0.00    8.36 ^ _06935_/A (sky130_fd_sc_hd__xnor2_4)
                  0.22    0.19    8.55 ^ _06935_/Y (sky130_fd_sc_hd__xnor2_4)
     2    0.02                           _01912_ (net)
                  0.22    0.00    8.55 ^ _06942_/A (sky130_fd_sc_hd__xor2_4)
                  0.20    0.25    8.80 ^ _06942_/X (sky130_fd_sc_hd__xor2_4)
     2    0.02                           _01919_ (net)
                  0.20    0.00    8.80 ^ _06963_/A1 (sky130_fd_sc_hd__a21o_2)
                  0.12    0.24    9.03 ^ _06963_/X (sky130_fd_sc_hd__a21o_2)
     2    0.02                           _01940_ (net)
                  0.12    0.00    9.03 ^ _06965_/A2 (sky130_fd_sc_hd__a21o_1)
                  0.19    0.25    9.29 ^ _06965_/X (sky130_fd_sc_hd__a21o_1)
     2    0.02                           _01942_ (net)
                  0.19    0.00    9.29 ^ _06967_/A2 (sky130_fd_sc_hd__a21o_1)
                  0.18    0.26    9.55 ^ _06967_/X (sky130_fd_sc_hd__a21o_1)
     2    0.02                           _01944_ (net)
                  0.18    0.00    9.55 ^ _06968_/B (sky130_fd_sc_hd__xor2_4)
                  0.24    0.27    9.82 ^ _06968_/X (sky130_fd_sc_hd__xor2_4)
     2    0.03                           _01945_ (net)
                  0.24    0.00    9.82 ^ _07765_/A2 (sky130_fd_sc_hd__a21oi_1)
                  0.10    0.16    9.98 v _07765_/Y (sky130_fd_sc_hd__a21oi_1)
     1    0.01                           _02742_ (net)
                  0.10    0.00    9.98 v _07770_/A (sky130_fd_sc_hd__xnor2_1)
                  0.27    0.29   10.27 ^ _07770_/Y (sky130_fd_sc_hd__xnor2_1)
     1    0.01                           _02747_ (net)
                  0.27    0.00   10.27 ^ _07813_/A (sky130_fd_sc_hd__xnor2_2)
                  0.27    0.21   10.48 ^ _07813_/Y (sky130_fd_sc_hd__xnor2_2)
     3    0.02                           _02790_ (net)
                  0.27    0.00   10.49 ^ _07863_/B (sky130_fd_sc_hd__nor3_1)
                  0.08    0.11   10.59 v _07863_/Y (sky130_fd_sc_hd__nor3_1)
     1    0.00                           _02840_ (net)
                  0.08    0.00   10.59 v _07864_/B1 (sky130_fd_sc_hd__a311o_4)
                  0.12    0.49   11.08 v _07864_/X (sky130_fd_sc_hd__a311o_4)
     3    0.05                           _02841_ (net)
                  0.12    0.01   11.09 v _07891_/A (sky130_fd_sc_hd__clkbuf_2)
                  0.09    0.20   11.29 v _07891_/X (sky130_fd_sc_hd__clkbuf_2)
     5    0.02                           _02863_ (net)
                  0.09    0.00   11.29 v _07894_/A (sky130_fd_sc_hd__nor2_2)
                  0.23    0.25   11.53 ^ _07894_/Y (sky130_fd_sc_hd__nor2_2)
     1    0.02                           _02866_ (net)
                  0.23    0.00   11.54 ^ _07898_/B1 (sky130_fd_sc_hd__o221a_1)
                  0.08    0.26   11.79 ^ _07898_/X (sky130_fd_sc_hd__o221a_1)
     1    0.01                           _00081_ (net)
                  0.08    0.00   11.79 ^ _10699_/D (sky130_fd_sc_hd__dfxtp_1)
                                 11.79   data arrival time

                  0.15   20.00   20.00   clock clock (rise edge)
                          0.00   20.00   clock network delay (ideal)
                         -0.25   19.75   clock uncertainty
                          0.00   19.75   clock reconvergence pessimism
                                 19.75 ^ _10699_/CLK (sky130_fd_sc_hd__dfxtp_1)
                         -0.05   19.70   library setup time
                                 19.70   data required time
-----------------------------------------------------------------------------
                                 19.70   data required time
                                -11.79   data arrival time
-----------------------------------------------------------------------------
                                  7.91   slack (MET)


Startpoint: _10999_ (rising edge-triggered flip-flop clocked by clock)
Endpoint: _10700_ (rising edge-triggered flip-flop clocked by clock)
Path Group: clock
Path Type: max

Fanout     Cap    Slew   Delay    Time   Description
-----------------------------------------------------------------------------
                  0.15    0.00    0.00   clock clock (rise edge)
                          0.00    0.00   clock network delay (ideal)
                  0.15    0.00    0.00 ^ _10999_/CLK (sky130_fd_sc_hd__dfxtp_2)
                  0.08    0.42    0.42 v _10999_/Q (sky130_fd_sc_hd__dfxtp_2)
     4    0.03                           pid.sigma_old[6] (net)
                  0.08    0.00    0.42 v _06338_/A (sky130_fd_sc_hd__xnor2_4)
                  0.09    0.19    0.61 v _06338_/Y (sky130_fd_sc_hd__xnor2_4)
     3    0.02                           _01315_ (net)
                  0.09    0.00    0.61 v _06339_/A (sky130_fd_sc_hd__or3b_1)
                  0.08    0.43    1.04 v _06339_/X (sky130_fd_sc_hd__or3b_1)
     2    0.01                           _01316_ (net)
                  0.08    0.00    1.04 v _06342_/C (sky130_fd_sc_hd__or3_1)
                  0.07    0.34    1.38 v _06342_/X (sky130_fd_sc_hd__or3_1)
     1    0.00                           _01319_ (net)
                  0.07    0.00    1.38 v _06343_/B1 (sky130_fd_sc_hd__a311o_1)
                  0.09    0.39    1.77 v _06343_/X (sky130_fd_sc_hd__a311o_1)
     2    0.01                           _01320_ (net)
                  0.09    0.00    1.77 v _06347_/A3 (sky130_fd_sc_hd__a31o_2)
                  0.08    0.33    2.09 v _06347_/X (sky130_fd_sc_hd__a31o_2)
     3    0.02                           _01324_ (net)
                  0.08    0.00    2.09 v _06362_/A1 (sky130_fd_sc_hd__o311ai_4)
                  0.33    0.40    2.49 ^ _06362_/Y (sky130_fd_sc_hd__o311ai_4)
     3    0.02                           _01339_ (net)
                  0.33    0.00    2.49 ^ _06363_/B2 (sky130_fd_sc_hd__a221o_1)
                  0.08    0.24    2.73 ^ _06363_/X (sky130_fd_sc_hd__a221o_1)
     2    0.01                           _01340_ (net)
                  0.08    0.00    2.73 ^ _06365_/A3 (sky130_fd_sc_hd__a31o_2)
                  0.15    0.25    2.98 ^ _06365_/X (sky130_fd_sc_hd__a31o_2)
     2    0.02                           _01342_ (net)
                  0.15    0.00    2.98 ^ _06380_/A (sky130_fd_sc_hd__xor2_2)
                  0.10    0.12    3.10 v _06380_/X (sky130_fd_sc_hd__xor2_2)
     4    0.01                           _01357_ (net)
                  0.10    0.00    3.10 v _06382_/A (sky130_fd_sc_hd__clkbuf_2)
                  0.08    0.18    3.27 v _06382_/X (sky130_fd_sc_hd__clkbuf_2)
     5    0.02                           _01359_ (net)
                  0.08    0.00    3.27 v _06398_/C (sky130_fd_sc_hd__or3_1)
                  0.08    0.35    3.63 v _06398_/X (sky130_fd_sc_hd__or3_1)
     2    0.01                           _01375_ (net)
                  0.08    0.00    3.63 v _06598_/B1 (sky130_fd_sc_hd__o2111a_1)
                  0.07    0.18    3.81 v _06598_/X (sky130_fd_sc_hd__o2111a_1)
     2    0.01                           _01575_ (net)
                  0.07    0.00    3.81 v _06599_/B1 (sky130_fd_sc_hd__a31o_1)
                  0.09    0.25    4.06 v _06599_/X (sky130_fd_sc_hd__a31o_1)
     4    0.02                           _01576_ (net)
                  0.09    0.00    4.07 v _06601_/B (sky130_fd_sc_hd__and3_1)
                  0.05    0.20    4.27 v _06601_/X (sky130_fd_sc_hd__and3_1)
     2    0.01                           _01578_ (net)
                  0.05    0.00    4.27 v _06603_/B (sky130_fd_sc_hd__or3_1)
                  0.10    0.40    4.67 v _06603_/X (sky130_fd_sc_hd__or3_1)
     3    0.01                           _01580_ (net)
                  0.10    0.00    4.67 v _06610_/C (sky130_fd_sc_hd__and3_1)
                  0.04    0.22    4.89 v _06610_/X (sky130_fd_sc_hd__and3_1)
     2    0.00                           _01587_ (net)
                  0.04    0.00    4.89 v _06633_/A (sky130_fd_sc_hd__or3b_1)
                  0.09    0.43    5.32 v _06633_/X (sky130_fd_sc_hd__or3b_1)
     3    0.01                           _01610_ (net)
                  0.09    0.00    5.32 v _06646_/A1 (sky130_fd_sc_hd__a21o_1)
                  0.04    0.19    5.51 v _06646_/X (sky130_fd_sc_hd__a21o_1)
     2    0.01                           _01623_ (net)
                  0.04    0.00    5.51 v _06650_/A2 (sky130_fd_sc_hd__a21o_1)
                  0.06    0.21    5.72 v _06650_/X (sky130_fd_sc_hd__a21o_1)
     3    0.01                           _01627_ (net)
                  0.06    0.00    5.72 v _06652_/A2 (sky130_fd_sc_hd__a21bo_1)
                  0.06    0.23    5.95 v _06652_/X (sky130_fd_sc_hd__a21bo_1)
     2    0.01                           _01629_ (net)
                  0.06    0.00    5.95 v _06654_/A2 (sky130_fd_sc_hd__a21o_1)
                  0.06    0.22    6.16 v _06654_/X (sky130_fd_sc_hd__a21o_1)
     2    0.01                           _01631_ (net)
                  0.06    0.00    6.16 v _06656_/A2 (sky130_fd_sc_hd__a21o_1)
                  0.09    0.25    6.41 v _06656_/X (sky130_fd_sc_hd__a21o_1)
     4    0.02                           _01633_ (net)
                  0.09    0.00    6.41 v _06699_/A1 (sky130_fd_sc_hd__a21oi_1)
                  0.24    0.24    6.65 ^ _06699_/Y (sky130_fd_sc_hd__a21oi_1)
     1    0.01                           _01676_ (net)
                  0.24    0.00    6.65 ^ _06700_/B (sky130_fd_sc_hd__xnor2_2)
                  0.09    0.13    6.79 v _06700_/Y (sky130_fd_sc_hd__xnor2_2)
     2    0.01                           _01677_ (net)
                  0.09    0.00    6.79 v _06731_/B (sky130_fd_sc_hd__xor2_2)
                  0.09    0.19    6.97 v _06731_/X (sky130_fd_sc_hd__xor2_2)
     2    0.01                           _01708_ (net)
                  0.09    0.00    6.97 v _06733_/A (sky130_fd_sc_hd__xnor2_2)
                  0.29    0.31    7.28 ^ _06733_/Y (sky130_fd_sc_hd__xnor2_2)
     2    0.02                           _01710_ (net)
                  0.29    0.00    7.28 ^ _06735_/A2 (sky130_fd_sc_hd__a21o_1)
                  0.12    0.24    7.52 ^ _06735_/X (sky130_fd_sc_hd__a21o_1)
     2    0.01                           _01712_ (net)
                  0.12    0.00    7.52 ^ _06737_/A2 (sky130_fd_sc_hd__a21o_1)
                  0.18    0.24    7.76 ^ _06737_/X (sky130_fd_sc_hd__a21o_1)
     2    0.02                           _01714_ (net)
                  0.18    0.00    7.76 ^ _06929_/B (sky130_fd_sc_hd__xor2_4)
                  0.28    0.31    8.07 ^ _06929_/X (sky130_fd_sc_hd__xor2_4)
     2    0.04                           _01906_ (net)
                  0.28    0.00    8.07 ^ _06930_/B (sky130_fd_sc_hd__xor2_4)
                  0.24    0.28    8.36 ^ _06930_/X (sky130_fd_sc_hd__xor2_4)
     2    0.03                           _01907_ (net)
                  0.24    0.00    8.36 ^ _06935_/A (sky130_fd_sc_hd__xnor2_4)
                  0.22    0.19    8.55 ^ _06935_/Y (sky130_fd_sc_hd__xnor2_4)
     2    0.02                           _01912_ (net)
                  0.22    0.00    8.55 ^ _06942_/A (sky130_fd_sc_hd__xor2_4)
                  0.20    0.25    8.80 ^ _06942_/X (sky130_fd_sc_hd__xor2_4)
     2    0.02                           _01919_ (net)
                  0.20    0.00    8.80 ^ _06963_/A1 (sky130_fd_sc_hd__a21o_2)
                  0.12    0.24    9.03 ^ _06963_/X (sky130_fd_sc_hd__a21o_2)
     2    0.02                           _01940_ (net)
                  0.12    0.00    9.03 ^ _06965_/A2 (sky130_fd_sc_hd__a21o_1)
                  0.19    0.25    9.29 ^ _06965_/X (sky130_fd_sc_hd__a21o_1)
     2    0.02                           _01942_ (net)
                  0.19    0.00    9.29 ^ _06967_/A2 (sky130_fd_sc_hd__a21o_1)
                  0.18    0.26    9.55 ^ _06967_/X (sky130_fd_sc_hd__a21o_1)
     2    0.02                           _01944_ (net)
                  0.18    0.00    9.55 ^ _06968_/B (sky130_fd_sc_hd__xor2_4)
                  0.24    0.27    9.82 ^ _06968_/X (sky130_fd_sc_hd__xor2_4)
     2    0.03                           _01945_ (net)
                  0.24    0.00    9.82 ^ _07765_/A2 (sky130_fd_sc_hd__a21oi_1)
                  0.10    0.16    9.98 v _07765_/Y (sky130_fd_sc_hd__a21oi_1)
     1    0.01                           _02742_ (net)
                  0.10    0.00    9.98 v _07770_/A (sky130_fd_sc_hd__xnor2_1)
                  0.27    0.29   10.27 ^ _07770_/Y (sky130_fd_sc_hd__xnor2_1)
     1    0.01                           _02747_ (net)
                  0.27    0.00   10.27 ^ _07813_/A (sky130_fd_sc_hd__xnor2_2)
                  0.27    0.21   10.48 ^ _07813_/Y (sky130_fd_sc_hd__xnor2_2)
     3    0.02                           _02790_ (net)
                  0.27    0.00   10.49 ^ _07863_/B (sky130_fd_sc_hd__nor3_1)
                  0.08    0.11   10.59 v _07863_/Y (sky130_fd_sc_hd__nor3_1)
     1    0.00                           _02840_ (net)
                  0.08    0.00   10.59 v _07864_/B1 (sky130_fd_sc_hd__a311o_4)
                  0.12    0.49   11.08 v _07864_/X (sky130_fd_sc_hd__a311o_4)
     3    0.05                           _02841_ (net)
                  0.12    0.01   11.09 v _07891_/A (sky130_fd_sc_hd__clkbuf_2)
                  0.09    0.20   11.29 v _07891_/X (sky130_fd_sc_hd__clkbuf_2)
     5    0.02                           _02863_ (net)
                  0.09    0.00   11.29 v _07900_/A (sky130_fd_sc_hd__nor2_2)
                  0.23    0.25   11.54 ^ _07900_/Y (sky130_fd_sc_hd__nor2_2)
     1    0.02                           _02871_ (net)
                  0.23    0.00   11.54 ^ _07902_/B1 (sky130_fd_sc_hd__o221a_1)
                  0.05    0.23   11.77 ^ _07902_/X (sky130_fd_sc_hd__o221a_1)
     1    0.00                           _00082_ (net)
                  0.05    0.00   11.77 ^ _10700_/D (sky130_fd_sc_hd__dfxtp_1)
                                 11.77   data arrival time

                  0.15   20.00   20.00   clock clock (rise edge)
                          0.00   20.00   clock network delay (ideal)
                         -0.25   19.75   clock uncertainty
                          0.00   19.75   clock reconvergence pessimism
                                 19.75 ^ _10700_/CLK (sky130_fd_sc_hd__dfxtp_1)
                         -0.04   19.71   library setup time
                                 19.71   data required time
-----------------------------------------------------------------------------
                                 19.71   data required time
                                -11.77   data arrival time
-----------------------------------------------------------------------------
                                  7.94   slack (MET)


Startpoint: _10999_ (rising edge-triggered flip-flop clocked by clock)
Endpoint: _10702_ (rising edge-triggered flip-flop clocked by clock)
Path Group: clock
Path Type: max

Fanout     Cap    Slew   Delay    Time   Description
-----------------------------------------------------------------------------
                  0.15    0.00    0.00   clock clock (rise edge)
                          0.00    0.00   clock network delay (ideal)
                  0.15    0.00    0.00 ^ _10999_/CLK (sky130_fd_sc_hd__dfxtp_2)
                  0.08    0.42    0.42 v _10999_/Q (sky130_fd_sc_hd__dfxtp_2)
     4    0.03                           pid.sigma_old[6] (net)
                  0.08    0.00    0.42 v _06338_/A (sky130_fd_sc_hd__xnor2_4)
                  0.09    0.19    0.61 v _06338_/Y (sky130_fd_sc_hd__xnor2_4)
     3    0.02                           _01315_ (net)
                  0.09    0.00    0.61 v _06339_/A (sky130_fd_sc_hd__or3b_1)
                  0.08    0.43    1.04 v _06339_/X (sky130_fd_sc_hd__or3b_1)
     2    0.01                           _01316_ (net)
                  0.08    0.00    1.04 v _06342_/C (sky130_fd_sc_hd__or3_1)
                  0.07    0.34    1.38 v _06342_/X (sky130_fd_sc_hd__or3_1)
     1    0.00                           _01319_ (net)
                  0.07    0.00    1.38 v _06343_/B1 (sky130_fd_sc_hd__a311o_1)
                  0.09    0.39    1.77 v _06343_/X (sky130_fd_sc_hd__a311o_1)
     2    0.01                           _01320_ (net)
                  0.09    0.00    1.77 v _06347_/A3 (sky130_fd_sc_hd__a31o_2)
                  0.08    0.33    2.09 v _06347_/X (sky130_fd_sc_hd__a31o_2)
     3    0.02                           _01324_ (net)
                  0.08    0.00    2.09 v _06362_/A1 (sky130_fd_sc_hd__o311ai_4)
                  0.33    0.40    2.49 ^ _06362_/Y (sky130_fd_sc_hd__o311ai_4)
     3    0.02                           _01339_ (net)
                  0.33    0.00    2.49 ^ _06363_/B2 (sky130_fd_sc_hd__a221o_1)
                  0.08    0.24    2.73 ^ _06363_/X (sky130_fd_sc_hd__a221o_1)
     2    0.01                           _01340_ (net)
                  0.08    0.00    2.73 ^ _06365_/A3 (sky130_fd_sc_hd__a31o_2)
                  0.15    0.25    2.98 ^ _06365_/X (sky130_fd_sc_hd__a31o_2)
     2    0.02                           _01342_ (net)
                  0.15    0.00    2.98 ^ _06380_/A (sky130_fd_sc_hd__xor2_2)
                  0.10    0.12    3.10 v _06380_/X (sky130_fd_sc_hd__xor2_2)
     4    0.01                           _01357_ (net)
                  0.10    0.00    3.10 v _06382_/A (sky130_fd_sc_hd__clkbuf_2)
                  0.08    0.18    3.27 v _06382_/X (sky130_fd_sc_hd__clkbuf_2)
     5    0.02                           _01359_ (net)
                  0.08    0.00    3.27 v _06398_/C (sky130_fd_sc_hd__or3_1)
                  0.08    0.35    3.63 v _06398_/X (sky130_fd_sc_hd__or3_1)
     2    0.01                           _01375_ (net)
                  0.08    0.00    3.63 v _06598_/B1 (sky130_fd_sc_hd__o2111a_1)
                  0.07    0.18    3.81 v _06598_/X (sky130_fd_sc_hd__o2111a_1)
     2    0.01                           _01575_ (net)
                  0.07    0.00    3.81 v _06599_/B1 (sky130_fd_sc_hd__a31o_1)
                  0.09    0.25    4.06 v _06599_/X (sky130_fd_sc_hd__a31o_1)
     4    0.02                           _01576_ (net)
                  0.09    0.00    4.07 v _06601_/B (sky130_fd_sc_hd__and3_1)
                  0.05    0.20    4.27 v _06601_/X (sky130_fd_sc_hd__and3_1)
     2    0.01                           _01578_ (net)
                  0.05    0.00    4.27 v _06603_/B (sky130_fd_sc_hd__or3_1)
                  0.10    0.40    4.67 v _06603_/X (sky130_fd_sc_hd__or3_1)
     3    0.01                           _01580_ (net)
                  0.10    0.00    4.67 v _06610_/C (sky130_fd_sc_hd__and3_1)
                  0.04    0.22    4.89 v _06610_/X (sky130_fd_sc_hd__and3_1)
     2    0.00                           _01587_ (net)
                  0.04    0.00    4.89 v _06633_/A (sky130_fd_sc_hd__or3b_1)
                  0.09    0.43    5.32 v _06633_/X (sky130_fd_sc_hd__or3b_1)
     3    0.01                           _01610_ (net)
                  0.09    0.00    5.32 v _06646_/A1 (sky130_fd_sc_hd__a21o_1)
                  0.04    0.19    5.51 v _06646_/X (sky130_fd_sc_hd__a21o_1)
     2    0.01                           _01623_ (net)
                  0.04    0.00    5.51 v _06650_/A2 (sky130_fd_sc_hd__a21o_1)
                  0.06    0.21    5.72 v _06650_/X (sky130_fd_sc_hd__a21o_1)
     3    0.01                           _01627_ (net)
                  0.06    0.00    5.72 v _06652_/A2 (sky130_fd_sc_hd__a21bo_1)
                  0.06    0.23    5.95 v _06652_/X (sky130_fd_sc_hd__a21bo_1)
     2    0.01                           _01629_ (net)
                  0.06    0.00    5.95 v _06654_/A2 (sky130_fd_sc_hd__a21o_1)
                  0.06    0.22    6.16 v _06654_/X (sky130_fd_sc_hd__a21o_1)
     2    0.01                           _01631_ (net)
                  0.06    0.00    6.16 v _06656_/A2 (sky130_fd_sc_hd__a21o_1)
                  0.09    0.25    6.41 v _06656_/X (sky130_fd_sc_hd__a21o_1)
     4    0.02                           _01633_ (net)
                  0.09    0.00    6.41 v _06699_/A1 (sky130_fd_sc_hd__a21oi_1)
                  0.24    0.24    6.65 ^ _06699_/Y (sky130_fd_sc_hd__a21oi_1)
     1    0.01                           _01676_ (net)
                  0.24    0.00    6.65 ^ _06700_/B (sky130_fd_sc_hd__xnor2_2)
                  0.09    0.13    6.79 v _06700_/Y (sky130_fd_sc_hd__xnor2_2)
     2    0.01                           _01677_ (net)
                  0.09    0.00    6.79 v _06731_/B (sky130_fd_sc_hd__xor2_2)
                  0.09    0.19    6.97 v _06731_/X (sky130_fd_sc_hd__xor2_2)
     2    0.01                           _01708_ (net)
                  0.09    0.00    6.97 v _06733_/A (sky130_fd_sc_hd__xnor2_2)
                  0.29    0.31    7.28 ^ _06733_/Y (sky130_fd_sc_hd__xnor2_2)
     2    0.02                           _01710_ (net)
                  0.29    0.00    7.28 ^ _06735_/A2 (sky130_fd_sc_hd__a21o_1)
                  0.12    0.24    7.52 ^ _06735_/X (sky130_fd_sc_hd__a21o_1)
     2    0.01                           _01712_ (net)
                  0.12    0.00    7.52 ^ _06737_/A2 (sky130_fd_sc_hd__a21o_1)
                  0.18    0.24    7.76 ^ _06737_/X (sky130_fd_sc_hd__a21o_1)
     2    0.02                           _01714_ (net)
                  0.18    0.00    7.76 ^ _06929_/B (sky130_fd_sc_hd__xor2_4)
                  0.28    0.31    8.07 ^ _06929_/X (sky130_fd_sc_hd__xor2_4)
     2    0.04                           _01906_ (net)
                  0.28    0.00    8.07 ^ _06930_/B (sky130_fd_sc_hd__xor2_4)
                  0.24    0.28    8.36 ^ _06930_/X (sky130_fd_sc_hd__xor2_4)
     2    0.03                           _01907_ (net)
                  0.24    0.00    8.36 ^ _06935_/A (sky130_fd_sc_hd__xnor2_4)
                  0.22    0.19    8.55 ^ _06935_/Y (sky130_fd_sc_hd__xnor2_4)
     2    0.02                           _01912_ (net)
                  0.22    0.00    8.55 ^ _06942_/A (sky130_fd_sc_hd__xor2_4)
                  0.20    0.25    8.80 ^ _06942_/X (sky130_fd_sc_hd__xor2_4)
     2    0.02                           _01919_ (net)
                  0.20    0.00    8.80 ^ _06963_/A1 (sky130_fd_sc_hd__a21o_2)
                  0.12    0.24    9.03 ^ _06963_/X (sky130_fd_sc_hd__a21o_2)
     2    0.02                           _01940_ (net)
                  0.12    0.00    9.03 ^ _06965_/A2 (sky130_fd_sc_hd__a21o_1)
                  0.19    0.25    9.29 ^ _06965_/X (sky130_fd_sc_hd__a21o_1)
     2    0.02                           _01942_ (net)
                  0.19    0.00    9.29 ^ _06967_/A2 (sky130_fd_sc_hd__a21o_1)
                  0.18    0.26    9.55 ^ _06967_/X (sky130_fd_sc_hd__a21o_1)
     2    0.02                           _01944_ (net)
                  0.18    0.00    9.55 ^ _06968_/B (sky130_fd_sc_hd__xor2_4)
                  0.24    0.27    9.82 ^ _06968_/X (sky130_fd_sc_hd__xor2_4)
     2    0.03                           _01945_ (net)
                  0.24    0.00    9.82 ^ _07765_/A2 (sky130_fd_sc_hd__a21oi_1)
                  0.10    0.16    9.98 v _07765_/Y (sky130_fd_sc_hd__a21oi_1)
     1    0.01                           _02742_ (net)
                  0.10    0.00    9.98 v _07770_/A (sky130_fd_sc_hd__xnor2_1)
                  0.27    0.29   10.27 ^ _07770_/Y (sky130_fd_sc_hd__xnor2_1)
     1    0.01                           _02747_ (net)
                  0.27    0.00   10.27 ^ _07813_/A (sky130_fd_sc_hd__xnor2_2)
                  0.27    0.21   10.48 ^ _07813_/Y (sky130_fd_sc_hd__xnor2_2)
     3    0.02                           _02790_ (net)
                  0.27    0.00   10.49 ^ _07863_/B (sky130_fd_sc_hd__nor3_1)
                  0.08    0.11   10.59 v _07863_/Y (sky130_fd_sc_hd__nor3_1)
     1    0.00                           _02840_ (net)
                  0.08    0.00   10.59 v _07864_/B1 (sky130_fd_sc_hd__a311o_4)
                  0.12    0.49   11.08 v _07864_/X (sky130_fd_sc_hd__a311o_4)
     3    0.05                           _02841_ (net)
                  0.12    0.01   11.09 v _07891_/A (sky130_fd_sc_hd__clkbuf_2)
                  0.09    0.20   11.29 v _07891_/X (sky130_fd_sc_hd__clkbuf_2)
     5    0.02                           _02863_ (net)
                  0.09    0.00   11.29 v _07908_/A (sky130_fd_sc_hd__nor2_2)
                  0.22    0.24   11.53 ^ _07908_/Y (sky130_fd_sc_hd__nor2_2)
     1    0.02                           _02877_ (net)
                  0.22    0.00   11.53 ^ _07910_/B1 (sky130_fd_sc_hd__o221a_1)
                  0.06    0.24   11.76 ^ _07910_/X (sky130_fd_sc_hd__o221a_1)
     1    0.00                           _00084_ (net)
                  0.06    0.00   11.76 ^ _10702_/D (sky130_fd_sc_hd__dfxtp_1)
                                 11.76   data arrival time

                  0.15   20.00   20.00   clock clock (rise edge)
                          0.00   20.00   clock network delay (ideal)
                         -0.25   19.75   clock uncertainty
                          0.00   19.75   clock reconvergence pessimism
                                 19.75 ^ _10702_/CLK (sky130_fd_sc_hd__dfxtp_1)
                         -0.04   19.71   library setup time
                                 19.71   data required time
-----------------------------------------------------------------------------
                                 19.71   data required time
                                -11.76   data arrival time
-----------------------------------------------------------------------------
                                  7.94   slack (MET)


Startpoint: _10999_ (rising edge-triggered flip-flop clocked by clock)
Endpoint: _10703_ (rising edge-triggered flip-flop clocked by clock)
Path Group: clock
Path Type: max

Fanout     Cap    Slew   Delay    Time   Description
-----------------------------------------------------------------------------
                  0.15    0.00    0.00   clock clock (rise edge)
                          0.00    0.00   clock network delay (ideal)
                  0.15    0.00    0.00 ^ _10999_/CLK (sky130_fd_sc_hd__dfxtp_2)
                  0.08    0.42    0.42 v _10999_/Q (sky130_fd_sc_hd__dfxtp_2)
     4    0.03                           pid.sigma_old[6] (net)
                  0.08    0.00    0.42 v _06338_/A (sky130_fd_sc_hd__xnor2_4)
                  0.09    0.19    0.61 v _06338_/Y (sky130_fd_sc_hd__xnor2_4)
     3    0.02                           _01315_ (net)
                  0.09    0.00    0.61 v _06339_/A (sky130_fd_sc_hd__or3b_1)
                  0.08    0.43    1.04 v _06339_/X (sky130_fd_sc_hd__or3b_1)
     2    0.01                           _01316_ (net)
                  0.08    0.00    1.04 v _06342_/C (sky130_fd_sc_hd__or3_1)
                  0.07    0.34    1.38 v _06342_/X (sky130_fd_sc_hd__or3_1)
     1    0.00                           _01319_ (net)
                  0.07    0.00    1.38 v _06343_/B1 (sky130_fd_sc_hd__a311o_1)
                  0.09    0.39    1.77 v _06343_/X (sky130_fd_sc_hd__a311o_1)
     2    0.01                           _01320_ (net)
                  0.09    0.00    1.77 v _06347_/A3 (sky130_fd_sc_hd__a31o_2)
                  0.08    0.33    2.09 v _06347_/X (sky130_fd_sc_hd__a31o_2)
     3    0.02                           _01324_ (net)
                  0.08    0.00    2.09 v _06362_/A1 (sky130_fd_sc_hd__o311ai_4)
                  0.33    0.40    2.49 ^ _06362_/Y (sky130_fd_sc_hd__o311ai_4)
     3    0.02                           _01339_ (net)
                  0.33    0.00    2.49 ^ _06363_/B2 (sky130_fd_sc_hd__a221o_1)
                  0.08    0.24    2.73 ^ _06363_/X (sky130_fd_sc_hd__a221o_1)
     2    0.01                           _01340_ (net)
                  0.08    0.00    2.73 ^ _06365_/A3 (sky130_fd_sc_hd__a31o_2)
                  0.15    0.25    2.98 ^ _06365_/X (sky130_fd_sc_hd__a31o_2)
     2    0.02                           _01342_ (net)
                  0.15    0.00    2.98 ^ _06380_/A (sky130_fd_sc_hd__xor2_2)
                  0.10    0.12    3.10 v _06380_/X (sky130_fd_sc_hd__xor2_2)
     4    0.01                           _01357_ (net)
                  0.10    0.00    3.10 v _06382_/A (sky130_fd_sc_hd__clkbuf_2)
                  0.08    0.18    3.27 v _06382_/X (sky130_fd_sc_hd__clkbuf_2)
     5    0.02                           _01359_ (net)
                  0.08    0.00    3.27 v _06398_/C (sky130_fd_sc_hd__or3_1)
                  0.08    0.35    3.63 v _06398_/X (sky130_fd_sc_hd__or3_1)
     2    0.01                           _01375_ (net)
                  0.08    0.00    3.63 v _06598_/B1 (sky130_fd_sc_hd__o2111a_1)
                  0.07    0.18    3.81 v _06598_/X (sky130_fd_sc_hd__o2111a_1)
     2    0.01                           _01575_ (net)
                  0.07    0.00    3.81 v _06599_/B1 (sky130_fd_sc_hd__a31o_1)
                  0.09    0.25    4.06 v _06599_/X (sky130_fd_sc_hd__a31o_1)
     4    0.02                           _01576_ (net)
                  0.09    0.00    4.07 v _06601_/B (sky130_fd_sc_hd__and3_1)
                  0.05    0.20    4.27 v _06601_/X (sky130_fd_sc_hd__and3_1)
     2    0.01                           _01578_ (net)
                  0.05    0.00    4.27 v _06603_/B (sky130_fd_sc_hd__or3_1)
                  0.10    0.40    4.67 v _06603_/X (sky130_fd_sc_hd__or3_1)
     3    0.01                           _01580_ (net)
                  0.10    0.00    4.67 v _06610_/C (sky130_fd_sc_hd__and3_1)
                  0.04    0.22    4.89 v _06610_/X (sky130_fd_sc_hd__and3_1)
     2    0.00                           _01587_ (net)
                  0.04    0.00    4.89 v _06633_/A (sky130_fd_sc_hd__or3b_1)
                  0.09    0.43    5.32 v _06633_/X (sky130_fd_sc_hd__or3b_1)
     3    0.01                           _01610_ (net)
                  0.09    0.00    5.32 v _06646_/A1 (sky130_fd_sc_hd__a21o_1)
                  0.04    0.19    5.51 v _06646_/X (sky130_fd_sc_hd__a21o_1)
     2    0.01                           _01623_ (net)
                  0.04    0.00    5.51 v _06650_/A2 (sky130_fd_sc_hd__a21o_1)
                  0.06    0.21    5.72 v _06650_/X (sky130_fd_sc_hd__a21o_1)
     3    0.01                           _01627_ (net)
                  0.06    0.00    5.72 v _06652_/A2 (sky130_fd_sc_hd__a21bo_1)
                  0.06    0.23    5.95 v _06652_/X (sky130_fd_sc_hd__a21bo_1)
     2    0.01                           _01629_ (net)
                  0.06    0.00    5.95 v _06654_/A2 (sky130_fd_sc_hd__a21o_1)
                  0.06    0.22    6.16 v _06654_/X (sky130_fd_sc_hd__a21o_1)
     2    0.01                           _01631_ (net)
                  0.06    0.00    6.16 v _06656_/A2 (sky130_fd_sc_hd__a21o_1)
                  0.09    0.25    6.41 v _06656_/X (sky130_fd_sc_hd__a21o_1)
     4    0.02                           _01633_ (net)
                  0.09    0.00    6.41 v _06699_/A1 (sky130_fd_sc_hd__a21oi_1)
                  0.24    0.24    6.65 ^ _06699_/Y (sky130_fd_sc_hd__a21oi_1)
     1    0.01                           _01676_ (net)
                  0.24    0.00    6.65 ^ _06700_/B (sky130_fd_sc_hd__xnor2_2)
                  0.09    0.13    6.79 v _06700_/Y (sky130_fd_sc_hd__xnor2_2)
     2    0.01                           _01677_ (net)
                  0.09    0.00    6.79 v _06731_/B (sky130_fd_sc_hd__xor2_2)
                  0.09    0.19    6.97 v _06731_/X (sky130_fd_sc_hd__xor2_2)
     2    0.01                           _01708_ (net)
                  0.09    0.00    6.97 v _06733_/A (sky130_fd_sc_hd__xnor2_2)
                  0.29    0.31    7.28 ^ _06733_/Y (sky130_fd_sc_hd__xnor2_2)
     2    0.02                           _01710_ (net)
                  0.29    0.00    7.28 ^ _06735_/A2 (sky130_fd_sc_hd__a21o_1)
                  0.12    0.24    7.52 ^ _06735_/X (sky130_fd_sc_hd__a21o_1)
     2    0.01                           _01712_ (net)
                  0.12    0.00    7.52 ^ _06737_/A2 (sky130_fd_sc_hd__a21o_1)
                  0.18    0.24    7.76 ^ _06737_/X (sky130_fd_sc_hd__a21o_1)
     2    0.02                           _01714_ (net)
                  0.18    0.00    7.76 ^ _06929_/B (sky130_fd_sc_hd__xor2_4)
                  0.28    0.31    8.07 ^ _06929_/X (sky130_fd_sc_hd__xor2_4)
     2    0.04                           _01906_ (net)
                  0.28    0.00    8.07 ^ _06930_/B (sky130_fd_sc_hd__xor2_4)
                  0.24    0.28    8.36 ^ _06930_/X (sky130_fd_sc_hd__xor2_4)
     2    0.03                           _01907_ (net)
                  0.24    0.00    8.36 ^ _06935_/A (sky130_fd_sc_hd__xnor2_4)
                  0.22    0.19    8.55 ^ _06935_/Y (sky130_fd_sc_hd__xnor2_4)
     2    0.02                           _01912_ (net)
                  0.22    0.00    8.55 ^ _06942_/A (sky130_fd_sc_hd__xor2_4)
                  0.20    0.25    8.80 ^ _06942_/X (sky130_fd_sc_hd__xor2_4)
     2    0.02                           _01919_ (net)
                  0.20    0.00    8.80 ^ _06963_/A1 (sky130_fd_sc_hd__a21o_2)
                  0.12    0.24    9.03 ^ _06963_/X (sky130_fd_sc_hd__a21o_2)
     2    0.02                           _01940_ (net)
                  0.12    0.00    9.03 ^ _06965_/A2 (sky130_fd_sc_hd__a21o_1)
                  0.19    0.25    9.29 ^ _06965_/X (sky130_fd_sc_hd__a21o_1)
     2    0.02                           _01942_ (net)
                  0.19    0.00    9.29 ^ _06967_/A2 (sky130_fd_sc_hd__a21o_1)
                  0.18    0.26    9.55 ^ _06967_/X (sky130_fd_sc_hd__a21o_1)
     2    0.02                           _01944_ (net)
                  0.18    0.00    9.55 ^ _06968_/B (sky130_fd_sc_hd__xor2_4)
                  0.24    0.27    9.82 ^ _06968_/X (sky130_fd_sc_hd__xor2_4)
     2    0.03                           _01945_ (net)
                  0.24    0.00    9.82 ^ _07765_/A2 (sky130_fd_sc_hd__a21oi_1)
                  0.10    0.16    9.98 v _07765_/Y (sky130_fd_sc_hd__a21oi_1)
     1    0.01                           _02742_ (net)
                  0.10    0.00    9.98 v _07770_/A (sky130_fd_sc_hd__xnor2_1)
                  0.27    0.29   10.27 ^ _07770_/Y (sky130_fd_sc_hd__xnor2_1)
     1    0.01                           _02747_ (net)
                  0.27    0.00   10.27 ^ _07813_/A (sky130_fd_sc_hd__xnor2_2)
                  0.27    0.21   10.48 ^ _07813_/Y (sky130_fd_sc_hd__xnor2_2)
     3    0.02                           _02790_ (net)
                  0.27    0.00   10.49 ^ _07863_/B (sky130_fd_sc_hd__nor3_1)
                  0.08    0.11   10.59 v _07863_/Y (sky130_fd_sc_hd__nor3_1)
     1    0.00                           _02840_ (net)
                  0.08    0.00   10.59 v _07864_/B1 (sky130_fd_sc_hd__a311o_4)
                  0.12    0.49   11.08 v _07864_/X (sky130_fd_sc_hd__a311o_4)
     3    0.05                           _02841_ (net)
                  0.12    0.01   11.09 v _07891_/A (sky130_fd_sc_hd__clkbuf_2)
                  0.09    0.20   11.29 v _07891_/X (sky130_fd_sc_hd__clkbuf_2)
     5    0.02                           _02863_ (net)
                  0.09    0.00   11.29 v _07912_/A (sky130_fd_sc_hd__nor2_2)
                  0.23    0.25   11.54 ^ _07912_/Y (sky130_fd_sc_hd__nor2_2)
     1    0.02                           _02880_ (net)
                  0.23    0.00   11.54 ^ _07915_/B1 (sky130_fd_sc_hd__o221a_1)
                  0.05    0.23   11.76 ^ _07915_/X (sky130_fd_sc_hd__o221a_1)
     1    0.00                           _00085_ (net)
                  0.05    0.00   11.76 ^ _10703_/D (sky130_fd_sc_hd__dfxtp_1)
                                 11.76   data arrival time

                  0.15   20.00   20.00   clock clock (rise edge)
                          0.00   20.00   clock network delay (ideal)
                         -0.25   19.75   clock uncertainty
                          0.00   19.75   clock reconvergence pessimism
                                 19.75 ^ _10703_/CLK (sky130_fd_sc_hd__dfxtp_1)
                         -0.04   19.71   library setup time
                                 19.71   data required time
-----------------------------------------------------------------------------
                                 19.71   data required time
                                -11.76   data arrival time
-----------------------------------------------------------------------------
                                  7.95   slack (MET)


Startpoint: _10999_ (rising edge-triggered flip-flop clocked by clock)
Endpoint: _10701_ (rising edge-triggered flip-flop clocked by clock)
Path Group: clock
Path Type: max

Fanout     Cap    Slew   Delay    Time   Description
-----------------------------------------------------------------------------
                  0.15    0.00    0.00   clock clock (rise edge)
                          0.00    0.00   clock network delay (ideal)
                  0.15    0.00    0.00 ^ _10999_/CLK (sky130_fd_sc_hd__dfxtp_2)
                  0.08    0.42    0.42 v _10999_/Q (sky130_fd_sc_hd__dfxtp_2)
     4    0.03                           pid.sigma_old[6] (net)
                  0.08    0.00    0.42 v _06338_/A (sky130_fd_sc_hd__xnor2_4)
                  0.09    0.19    0.61 v _06338_/Y (sky130_fd_sc_hd__xnor2_4)
     3    0.02                           _01315_ (net)
                  0.09    0.00    0.61 v _06339_/A (sky130_fd_sc_hd__or3b_1)
                  0.08    0.43    1.04 v _06339_/X (sky130_fd_sc_hd__or3b_1)
     2    0.01                           _01316_ (net)
                  0.08    0.00    1.04 v _06342_/C (sky130_fd_sc_hd__or3_1)
                  0.07    0.34    1.38 v _06342_/X (sky130_fd_sc_hd__or3_1)
     1    0.00                           _01319_ (net)
                  0.07    0.00    1.38 v _06343_/B1 (sky130_fd_sc_hd__a311o_1)
                  0.09    0.39    1.77 v _06343_/X (sky130_fd_sc_hd__a311o_1)
     2    0.01                           _01320_ (net)
                  0.09    0.00    1.77 v _06347_/A3 (sky130_fd_sc_hd__a31o_2)
                  0.08    0.33    2.09 v _06347_/X (sky130_fd_sc_hd__a31o_2)
     3    0.02                           _01324_ (net)
                  0.08    0.00    2.09 v _06362_/A1 (sky130_fd_sc_hd__o311ai_4)
                  0.33    0.40    2.49 ^ _06362_/Y (sky130_fd_sc_hd__o311ai_4)
     3    0.02                           _01339_ (net)
                  0.33    0.00    2.49 ^ _06363_/B2 (sky130_fd_sc_hd__a221o_1)
                  0.08    0.24    2.73 ^ _06363_/X (sky130_fd_sc_hd__a221o_1)
     2    0.01                           _01340_ (net)
                  0.08    0.00    2.73 ^ _06365_/A3 (sky130_fd_sc_hd__a31o_2)
                  0.15    0.25    2.98 ^ _06365_/X (sky130_fd_sc_hd__a31o_2)
     2    0.02                           _01342_ (net)
                  0.15    0.00    2.98 ^ _06380_/A (sky130_fd_sc_hd__xor2_2)
                  0.10    0.12    3.10 v _06380_/X (sky130_fd_sc_hd__xor2_2)
     4    0.01                           _01357_ (net)
                  0.10    0.00    3.10 v _06382_/A (sky130_fd_sc_hd__clkbuf_2)
                  0.08    0.18    3.27 v _06382_/X (sky130_fd_sc_hd__clkbuf_2)
     5    0.02                           _01359_ (net)
                  0.08    0.00    3.27 v _06398_/C (sky130_fd_sc_hd__or3_1)
                  0.08    0.35    3.63 v _06398_/X (sky130_fd_sc_hd__or3_1)
     2    0.01                           _01375_ (net)
                  0.08    0.00    3.63 v _06598_/B1 (sky130_fd_sc_hd__o2111a_1)
                  0.07    0.18    3.81 v _06598_/X (sky130_fd_sc_hd__o2111a_1)
     2    0.01                           _01575_ (net)
                  0.07    0.00    3.81 v _06599_/B1 (sky130_fd_sc_hd__a31o_1)
                  0.09    0.25    4.06 v _06599_/X (sky130_fd_sc_hd__a31o_1)
     4    0.02                           _01576_ (net)
                  0.09    0.00    4.07 v _06601_/B (sky130_fd_sc_hd__and3_1)
                  0.05    0.20    4.27 v _06601_/X (sky130_fd_sc_hd__and3_1)
     2    0.01                           _01578_ (net)
                  0.05    0.00    4.27 v _06603_/B (sky130_fd_sc_hd__or3_1)
                  0.10    0.40    4.67 v _06603_/X (sky130_fd_sc_hd__or3_1)
     3    0.01                           _01580_ (net)
                  0.10    0.00    4.67 v _06610_/C (sky130_fd_sc_hd__and3_1)
                  0.04    0.22    4.89 v _06610_/X (sky130_fd_sc_hd__and3_1)
     2    0.00                           _01587_ (net)
                  0.04    0.00    4.89 v _06633_/A (sky130_fd_sc_hd__or3b_1)
                  0.09    0.43    5.32 v _06633_/X (sky130_fd_sc_hd__or3b_1)
     3    0.01                           _01610_ (net)
                  0.09    0.00    5.32 v _06646_/A1 (sky130_fd_sc_hd__a21o_1)
                  0.04    0.19    5.51 v _06646_/X (sky130_fd_sc_hd__a21o_1)
     2    0.01                           _01623_ (net)
                  0.04    0.00    5.51 v _06650_/A2 (sky130_fd_sc_hd__a21o_1)
                  0.06    0.21    5.72 v _06650_/X (sky130_fd_sc_hd__a21o_1)
     3    0.01                           _01627_ (net)
                  0.06    0.00    5.72 v _06652_/A2 (sky130_fd_sc_hd__a21bo_1)
                  0.06    0.23    5.95 v _06652_/X (sky130_fd_sc_hd__a21bo_1)
     2    0.01                           _01629_ (net)
                  0.06    0.00    5.95 v _06654_/A2 (sky130_fd_sc_hd__a21o_1)
                  0.06    0.22    6.16 v _06654_/X (sky130_fd_sc_hd__a21o_1)
     2    0.01                           _01631_ (net)
                  0.06    0.00    6.16 v _06656_/A2 (sky130_fd_sc_hd__a21o_1)
                  0.09    0.25    6.41 v _06656_/X (sky130_fd_sc_hd__a21o_1)
     4    0.02                           _01633_ (net)
                  0.09    0.00    6.41 v _06699_/A1 (sky130_fd_sc_hd__a21oi_1)
                  0.24    0.24    6.65 ^ _06699_/Y (sky130_fd_sc_hd__a21oi_1)
     1    0.01                           _01676_ (net)
                  0.24    0.00    6.65 ^ _06700_/B (sky130_fd_sc_hd__xnor2_2)
                  0.09    0.13    6.79 v _06700_/Y (sky130_fd_sc_hd__xnor2_2)
     2    0.01                           _01677_ (net)
                  0.09    0.00    6.79 v _06731_/B (sky130_fd_sc_hd__xor2_2)
                  0.09    0.19    6.97 v _06731_/X (sky130_fd_sc_hd__xor2_2)
     2    0.01                           _01708_ (net)
                  0.09    0.00    6.97 v _06733_/A (sky130_fd_sc_hd__xnor2_2)
                  0.29    0.31    7.28 ^ _06733_/Y (sky130_fd_sc_hd__xnor2_2)
     2    0.02                           _01710_ (net)
                  0.29    0.00    7.28 ^ _06735_/A2 (sky130_fd_sc_hd__a21o_1)
                  0.12    0.24    7.52 ^ _06735_/X (sky130_fd_sc_hd__a21o_1)
     2    0.01                           _01712_ (net)
                  0.12    0.00    7.52 ^ _06737_/A2 (sky130_fd_sc_hd__a21o_1)
                  0.18    0.24    7.76 ^ _06737_/X (sky130_fd_sc_hd__a21o_1)
     2    0.02                           _01714_ (net)
                  0.18    0.00    7.76 ^ _06929_/B (sky130_fd_sc_hd__xor2_4)
                  0.28    0.31    8.07 ^ _06929_/X (sky130_fd_sc_hd__xor2_4)
     2    0.04                           _01906_ (net)
                  0.28    0.00    8.07 ^ _06930_/B (sky130_fd_sc_hd__xor2_4)
                  0.24    0.28    8.36 ^ _06930_/X (sky130_fd_sc_hd__xor2_4)
     2    0.03                           _01907_ (net)
                  0.24    0.00    8.36 ^ _06935_/A (sky130_fd_sc_hd__xnor2_4)
                  0.22    0.19    8.55 ^ _06935_/Y (sky130_fd_sc_hd__xnor2_4)
     2    0.02                           _01912_ (net)
                  0.22    0.00    8.55 ^ _06942_/A (sky130_fd_sc_hd__xor2_4)
                  0.20    0.25    8.80 ^ _06942_/X (sky130_fd_sc_hd__xor2_4)
     2    0.02                           _01919_ (net)
                  0.20    0.00    8.80 ^ _06963_/A1 (sky130_fd_sc_hd__a21o_2)
                  0.12    0.24    9.03 ^ _06963_/X (sky130_fd_sc_hd__a21o_2)
     2    0.02                           _01940_ (net)
                  0.12    0.00    9.03 ^ _06965_/A2 (sky130_fd_sc_hd__a21o_1)
                  0.19    0.25    9.29 ^ _06965_/X (sky130_fd_sc_hd__a21o_1)
     2    0.02                           _01942_ (net)
                  0.19    0.00    9.29 ^ _06967_/A2 (sky130_fd_sc_hd__a21o_1)
                  0.18    0.26    9.55 ^ _06967_/X (sky130_fd_sc_hd__a21o_1)
     2    0.02                           _01944_ (net)
                  0.18    0.00    9.55 ^ _06968_/B (sky130_fd_sc_hd__xor2_4)
                  0.24    0.27    9.82 ^ _06968_/X (sky130_fd_sc_hd__xor2_4)
     2    0.03                           _01945_ (net)
                  0.24    0.00    9.82 ^ _07765_/A2 (sky130_fd_sc_hd__a21oi_1)
                  0.10    0.16    9.98 v _07765_/Y (sky130_fd_sc_hd__a21oi_1)
     1    0.01                           _02742_ (net)
                  0.10    0.00    9.98 v _07770_/A (sky130_fd_sc_hd__xnor2_1)
                  0.27    0.29   10.27 ^ _07770_/Y (sky130_fd_sc_hd__xnor2_1)
     1    0.01                           _02747_ (net)
                  0.27    0.00   10.27 ^ _07813_/A (sky130_fd_sc_hd__xnor2_2)
                  0.27    0.21   10.48 ^ _07813_/Y (sky130_fd_sc_hd__xnor2_2)
     3    0.02                           _02790_ (net)
                  0.27    0.00   10.49 ^ _07863_/B (sky130_fd_sc_hd__nor3_1)
                  0.08    0.11   10.59 v _07863_/Y (sky130_fd_sc_hd__nor3_1)
     1    0.00                           _02840_ (net)
                  0.08    0.00   10.59 v _07864_/B1 (sky130_fd_sc_hd__a311o_4)
                  0.12    0.49   11.08 v _07864_/X (sky130_fd_sc_hd__a311o_4)
     3    0.05                           _02841_ (net)
                  0.12    0.01   11.09 v _07891_/A (sky130_fd_sc_hd__clkbuf_2)
                  0.09    0.20   11.29 v _07891_/X (sky130_fd_sc_hd__clkbuf_2)
     5    0.02                           _02863_ (net)
                  0.09    0.00   11.29 v _07904_/A (sky130_fd_sc_hd__nor2_2)
                  0.23    0.25   11.54 ^ _07904_/Y (sky130_fd_sc_hd__nor2_2)
     1    0.02                           _02874_ (net)
                  0.23    0.00   11.54 ^ _07906_/B1 (sky130_fd_sc_hd__o221a_1)
                  0.05    0.23   11.76 ^ _07906_/X (sky130_fd_sc_hd__o221a_1)
     1    0.00                           _00083_ (net)
                  0.05    0.00   11.76 ^ _10701_/D (sky130_fd_sc_hd__dfxtp_1)
                                 11.76   data arrival time

                  0.15   20.00   20.00   clock clock (rise edge)
                          0.00   20.00   clock network delay (ideal)
                         -0.25   19.75   clock uncertainty
                          0.00   19.75   clock reconvergence pessimism
                                 19.75 ^ _10701_/CLK (sky130_fd_sc_hd__dfxtp_1)
                         -0.04   19.71   library setup time
                                 19.71   data required time
-----------------------------------------------------------------------------
                                 19.71   data required time
                                -11.76   data arrival time
-----------------------------------------------------------------------------
                                  7.95   slack (MET)


