
===========================================================================
 report_check_types -max_slew -max_cap -max_fanout -violators
============================================================================

======================= Slowest Corner ===================================

max slew

Pin                                    Limit    Slew   Slack
------------------------------------------------------------
clkbuf_leaf_49_clock/A                  1.50    1.81   -0.31 (VIOLATED)
ANTENNA_clkbuf_leaf_49_clock_A/DIODE    1.50    1.81   -0.31 (VIOLATED)
clkbuf_opt_4_0_clock/A                  1.50    1.81   -0.31 (VIOLATED)
ANTENNA_clkbuf_opt_4_0_clock_A/DIODE    1.50    1.81   -0.31 (VIOLATED)
clkbuf_leaf_50_clock/A                  1.50    1.81   -0.31 (VIOLATED)
clkbuf_opt_5_0_clock/A                  1.50    1.81   -0.31 (VIOLATED)
ANTENNA_clkbuf_opt_5_0_clock_A/DIODE    1.50    1.81   -0.31 (VIOLATED)
clkbuf_leaf_54_clock/A                  1.50    1.81   -0.31 (VIOLATED)
ANTENNA_clkbuf_leaf_54_clock_A/DIODE    1.50    1.81   -0.31 (VIOLATED)
ANTENNA_clkbuf_leaf_50_clock_A/DIODE    1.50    1.81   -0.31 (VIOLATED)
clkbuf_leaf_56_clock/A                  1.50    1.81   -0.31 (VIOLATED)
clkbuf_leaf_52_clock/A                  1.50    1.81   -0.31 (VIOLATED)
ANTENNA_clkbuf_leaf_56_clock_A/DIODE    1.50    1.81   -0.31 (VIOLATED)
ANTENNA_clkbuf_leaf_52_clock_A/DIODE    1.50    1.81   -0.31 (VIOLATED)
clkbuf_leaf_55_clock/A                  1.50    1.81   -0.31 (VIOLATED)
ANTENNA_clkbuf_leaf_55_clock_A/DIODE    1.50    1.81   -0.31 (VIOLATED)
ANTENNA_clkbuf_leaf_47_clock_A/DIODE    1.50    1.81   -0.31 (VIOLATED)
clkbuf_leaf_47_clock/A                  1.50    1.81   -0.31 (VIOLATED)
ANTENNA_clkbuf_leaf_48_clock_A/DIODE    1.50    1.81   -0.31 (VIOLATED)
clkbuf_leaf_42_clock/A                  1.50    1.81   -0.31 (VIOLATED)
ANTENNA_clkbuf_leaf_42_clock_A/DIODE    1.50    1.81   -0.31 (VIOLATED)
clkbuf_leaf_48_clock/A                  1.50    1.81   -0.31 (VIOLATED)
clkbuf_leaf_43_clock/A                  1.50    1.81   -0.31 (VIOLATED)
ANTENNA_clkbuf_leaf_43_clock_A/DIODE    1.50    1.81   -0.31 (VIOLATED)
clkbuf_leaf_44_clock/A                  1.50    1.81   -0.31 (VIOLATED)
ANTENNA_clkbuf_leaf_44_clock_A/DIODE    1.50    1.81   -0.31 (VIOLATED)
clkbuf_leaf_46_clock/A                  1.50    1.81   -0.31 (VIOLATED)
ANTENNA_clkbuf_leaf_46_clock_A/DIODE    1.50    1.81   -0.31 (VIOLATED)
ANTENNA_clkbuf_leaf_45_clock_A/DIODE    1.50    1.81   -0.31 (VIOLATED)
clkbuf_leaf_45_clock/A                  1.50    1.81   -0.31 (VIOLATED)
clkbuf_4_5_0_clock/X                    1.50    1.81   -0.31 (VIOLATED)
clkbuf_leaf_0_clock/A                   1.50    1.77   -0.27 (VIOLATED)
ANTENNA_clkbuf_leaf_0_clock_A/DIODE     1.50    1.77   -0.27 (VIOLATED)
clkbuf_leaf_2_clock/A                   1.50    1.77   -0.27 (VIOLATED)
ANTENNA_clkbuf_leaf_2_clock_A/DIODE     1.50    1.77   -0.27 (VIOLATED)
clkbuf_leaf_1_clock/A                   1.50    1.77   -0.27 (VIOLATED)
clkbuf_leaf_184_clock/A                 1.50    1.77   -0.27 (VIOLATED)
ANTENNA_clkbuf_leaf_184_clock_A/DIODE    1.50    1.77   -0.27 (VIOLATED)
clkbuf_leaf_185_clock/A                 1.50    1.77   -0.27 (VIOLATED)
clkbuf_leaf_187_clock/A                 1.50    1.77   -0.27 (VIOLATED)
ANTENNA_clkbuf_leaf_185_clock_A/DIODE    1.50    1.77   -0.27 (VIOLATED)
ANTENNA_clkbuf_leaf_187_clock_A/DIODE    1.50    1.77   -0.27 (VIOLATED)
ANTENNA_clkbuf_leaf_1_clock_A/DIODE     1.50    1.77   -0.27 (VIOLATED)
clkbuf_leaf_188_clock/A                 1.50    1.77   -0.27 (VIOLATED)
clkbuf_leaf_192_clock/A                 1.50    1.77   -0.27 (VIOLATED)
clkbuf_leaf_191_clock/A                 1.50    1.77   -0.27 (VIOLATED)
ANTENNA_clkbuf_leaf_191_clock_A/DIODE    1.50    1.77   -0.27 (VIOLATED)
clkbuf_leaf_4_clock/A                   1.50    1.77   -0.27 (VIOLATED)
ANTENNA_clkbuf_leaf_4_clock_A/DIODE     1.50    1.77   -0.27 (VIOLATED)
clkbuf_leaf_189_clock/A                 1.50    1.77   -0.27 (VIOLATED)
ANTENNA_clkbuf_leaf_189_clock_A/DIODE    1.50    1.77   -0.27 (VIOLATED)
ANTENNA_clkbuf_leaf_188_clock_A/DIODE    1.50    1.77   -0.27 (VIOLATED)
clkbuf_leaf_5_clock/A                   1.50    1.77   -0.27 (VIOLATED)
ANTENNA_clkbuf_leaf_192_clock_A/DIODE    1.50    1.77   -0.27 (VIOLATED)
clkbuf_leaf_194_clock/A                 1.50    1.77   -0.27 (VIOLATED)
ANTENNA_clkbuf_leaf_194_clock_A/DIODE    1.50    1.77   -0.27 (VIOLATED)
ANTENNA_clkbuf_leaf_5_clock_A/DIODE     1.50    1.77   -0.27 (VIOLATED)
clkbuf_leaf_193_clock/A                 1.50    1.77   -0.27 (VIOLATED)
ANTENNA_clkbuf_leaf_193_clock_A/DIODE    1.50    1.77   -0.27 (VIOLATED)
clkbuf_leaf_190_clock/A                 1.50    1.77   -0.27 (VIOLATED)
ANTENNA_clkbuf_leaf_190_clock_A/DIODE    1.50    1.77   -0.27 (VIOLATED)
clkbuf_4_0_0_clock/X                    1.50    1.77   -0.26 (VIOLATED)
clkbuf_leaf_110_clock/A                 1.50    1.74   -0.24 (VIOLATED)
ANTENNA_clkbuf_leaf_110_clock_A/DIODE    1.50    1.74   -0.24 (VIOLATED)
clkbuf_leaf_112_clock/A                 1.50    1.74   -0.24 (VIOLATED)
ANTENNA_clkbuf_leaf_112_clock_A/DIODE    1.50    1.74   -0.24 (VIOLATED)
clkbuf_leaf_109_clock/A                 1.50    1.74   -0.24 (VIOLATED)
ANTENNA_clkbuf_leaf_109_clock_A/DIODE    1.50    1.74   -0.24 (VIOLATED)
ANTENNA_clkbuf_leaf_108_clock_A/DIODE    1.50    1.74   -0.24 (VIOLATED)
clkbuf_leaf_108_clock/A                 1.50    1.74   -0.24 (VIOLATED)
clkbuf_leaf_107_clock/A                 1.50    1.74   -0.24 (VIOLATED)
ANTENNA_clkbuf_leaf_107_clock_A/DIODE    1.50    1.74   -0.24 (VIOLATED)
ANTENNA_clkbuf_leaf_105_clock_A/DIODE    1.50    1.74   -0.24 (VIOLATED)
clkbuf_leaf_105_clock/A                 1.50    1.74   -0.24 (VIOLATED)
clkbuf_leaf_106_clock/A                 1.50    1.74   -0.24 (VIOLATED)
ANTENNA_clkbuf_leaf_106_clock_A/DIODE    1.50    1.74   -0.24 (VIOLATED)
clkbuf_leaf_104_clock/A                 1.50    1.74   -0.24 (VIOLATED)
clkbuf_leaf_103_clock/A                 1.50    1.74   -0.24 (VIOLATED)
ANTENNA_clkbuf_leaf_103_clock_A/DIODE    1.50    1.74   -0.24 (VIOLATED)
ANTENNA_clkbuf_leaf_104_clock_A/DIODE    1.50    1.74   -0.24 (VIOLATED)
clkbuf_opt_12_0_clock/A                 1.50    1.74   -0.24 (VIOLATED)
ANTENNA_clkbuf_opt_12_0_clock_A/DIODE    1.50    1.74   -0.24 (VIOLATED)
clkbuf_leaf_98_clock/A                  1.50    1.74   -0.24 (VIOLATED)
ANTENNA_clkbuf_leaf_98_clock_A/DIODE    1.50    1.74   -0.24 (VIOLATED)
clkbuf_leaf_100_clock/A                 1.50    1.74   -0.24 (VIOLATED)
ANTENNA_clkbuf_leaf_100_clock_A/DIODE    1.50    1.74   -0.24 (VIOLATED)
clkbuf_leaf_101_clock/A                 1.50    1.74   -0.24 (VIOLATED)
clkbuf_leaf_102_clock/A                 1.50    1.74   -0.24 (VIOLATED)
ANTENNA_clkbuf_leaf_102_clock_A/DIODE    1.50    1.74   -0.24 (VIOLATED)
ANTENNA_clkbuf_leaf_101_clock_A/DIODE    1.50    1.74   -0.24 (VIOLATED)
clkbuf_4_15_0_clock/X                   1.50    1.74   -0.24 (VIOLATED)
clkbuf_leaf_89_clock/A                  1.50    1.72   -0.22 (VIOLATED)
ANTENNA_clkbuf_leaf_89_clock_A/DIODE    1.50    1.72   -0.22 (VIOLATED)
clkbuf_leaf_90_clock/A                  1.50    1.72   -0.22 (VIOLATED)
ANTENNA_clkbuf_leaf_65_clock_A/DIODE    1.50    1.72   -0.22 (VIOLATED)
clkbuf_leaf_65_clock/A                  1.50    1.72   -0.22 (VIOLATED)
clkbuf_leaf_64_clock/A                  1.50    1.72   -0.22 (VIOLATED)
ANTENNA_clkbuf_leaf_64_clock_A/DIODE    1.50    1.72   -0.22 (VIOLATED)
clkbuf_leaf_63_clock/A                  1.50    1.72   -0.22 (VIOLATED)
ANTENNA_clkbuf_leaf_63_clock_A/DIODE    1.50    1.72   -0.22 (VIOLATED)
clkbuf_leaf_61_clock/A                  1.50    1.72   -0.22 (VIOLATED)
ANTENNA_clkbuf_leaf_61_clock_A/DIODE    1.50    1.72   -0.22 (VIOLATED)
clkbuf_leaf_96_clock/A                  1.50    1.72   -0.22 (VIOLATED)
ANTENNA_clkbuf_leaf_96_clock_A/DIODE    1.50    1.72   -0.22 (VIOLATED)
clkbuf_leaf_62_clock/A                  1.50    1.72   -0.22 (VIOLATED)
clkbuf_leaf_95_clock/A                  1.50    1.72   -0.22 (VIOLATED)
ANTENNA_clkbuf_leaf_95_clock_A/DIODE    1.50    1.72   -0.22 (VIOLATED)
clkbuf_leaf_94_clock/A                  1.50    1.72   -0.22 (VIOLATED)
ANTENNA_clkbuf_leaf_62_clock_A/DIODE    1.50    1.72   -0.22 (VIOLATED)
ANTENNA_clkbuf_leaf_94_clock_A/DIODE    1.50    1.72   -0.22 (VIOLATED)
ANTENNA_clkbuf_leaf_93_clock_A/DIODE    1.50    1.72   -0.22 (VIOLATED)
clkbuf_leaf_93_clock/A                  1.50    1.72   -0.22 (VIOLATED)
clkbuf_leaf_92_clock/A                  1.50    1.72   -0.22 (VIOLATED)
ANTENNA_clkbuf_leaf_92_clock_A/DIODE    1.50    1.72   -0.22 (VIOLATED)
clkbuf_leaf_99_clock/A                  1.50    1.72   -0.22 (VIOLATED)
ANTENNA_clkbuf_leaf_99_clock_A/DIODE    1.50    1.72   -0.22 (VIOLATED)
clkbuf_leaf_87_clock/A                  1.50    1.72   -0.22 (VIOLATED)
ANTENNA_clkbuf_leaf_87_clock_A/DIODE    1.50    1.72   -0.22 (VIOLATED)
clkbuf_leaf_91_clock/A                  1.50    1.72   -0.22 (VIOLATED)
ANTENNA_clkbuf_leaf_91_clock_A/DIODE    1.50    1.72   -0.22 (VIOLATED)
ANTENNA_clkbuf_leaf_90_clock_A/DIODE    1.50    1.72   -0.22 (VIOLATED)
clkbuf_4_13_0_clock/X                   1.50    1.72   -0.22 (VIOLATED)
ANTENNA_clkbuf_leaf_123_clock_A/DIODE    1.50    1.72   -0.22 (VIOLATED)
clkbuf_leaf_123_clock/A                 1.50    1.72   -0.22 (VIOLATED)
clkbuf_leaf_119_clock/A                 1.50    1.72   -0.22 (VIOLATED)
clkbuf_leaf_117_clock/A                 1.50    1.72   -0.22 (VIOLATED)
ANTENNA_clkbuf_leaf_119_clock_A/DIODE    1.50    1.72   -0.22 (VIOLATED)
ANTENNA_clkbuf_leaf_116_clock_A/DIODE    1.50    1.72   -0.22 (VIOLATED)
ANTENNA_clkbuf_leaf_117_clock_A/DIODE    1.50    1.72   -0.22 (VIOLATED)
clkbuf_leaf_118_clock/A                 1.50    1.72   -0.22 (VIOLATED)
clkbuf_leaf_124_clock/A                 1.50    1.72   -0.22 (VIOLATED)
ANTENNA_clkbuf_leaf_124_clock_A/DIODE    1.50    1.72   -0.22 (VIOLATED)
ANTENNA_clkbuf_leaf_118_clock_A/DIODE    1.50    1.72   -0.22 (VIOLATED)
clkbuf_leaf_114_clock/A                 1.50    1.72   -0.22 (VIOLATED)
ANTENNA_clkbuf_leaf_114_clock_A/DIODE    1.50    1.72   -0.22 (VIOLATED)
clkbuf_leaf_116_clock/A                 1.50    1.72   -0.22 (VIOLATED)
clkbuf_leaf_111_clock/A                 1.50    1.72   -0.22 (VIOLATED)
ANTENNA_clkbuf_leaf_111_clock_A/DIODE    1.50    1.72   -0.22 (VIOLATED)
clkbuf_leaf_115_clock/A                 1.50    1.72   -0.22 (VIOLATED)
ANTENNA_clkbuf_leaf_115_clock_A/DIODE    1.50    1.72   -0.22 (VIOLATED)
clkbuf_leaf_85_clock/A                  1.50    1.72   -0.22 (VIOLATED)
ANTENNA_clkbuf_leaf_85_clock_A/DIODE    1.50    1.72   -0.22 (VIOLATED)
clkbuf_leaf_126_clock/A                 1.50    1.72   -0.22 (VIOLATED)
ANTENNA_clkbuf_leaf_126_clock_A/DIODE    1.50    1.72   -0.22 (VIOLATED)
clkbuf_leaf_113_clock/A                 1.50    1.72   -0.22 (VIOLATED)
clkbuf_leaf_125_clock/A                 1.50    1.72   -0.22 (VIOLATED)
ANTENNA_clkbuf_leaf_125_clock_A/DIODE    1.50    1.72   -0.22 (VIOLATED)
ANTENNA_clkbuf_leaf_113_clock_A/DIODE    1.50    1.72   -0.22 (VIOLATED)
clkbuf_4_14_0_clock/X                   1.50    1.72   -0.22 (VIOLATED)
clkbuf_leaf_178_clock/A                 1.50    1.70   -0.20 (VIOLATED)
ANTENNA_clkbuf_leaf_178_clock_A/DIODE    1.50    1.70   -0.20 (VIOLATED)
clkbuf_leaf_154_clock/A                 1.50    1.70   -0.20 (VIOLATED)
ANTENNA_clkbuf_leaf_158_clock_A/DIODE    1.50    1.70   -0.20 (VIOLATED)
clkbuf_leaf_158_clock/A                 1.50    1.70   -0.20 (VIOLATED)
ANTENNA_clkbuf_leaf_154_clock_A/DIODE    1.50    1.70   -0.20 (VIOLATED)
clkbuf_leaf_181_clock/A                 1.50    1.70   -0.20 (VIOLATED)
ANTENNA_clkbuf_leaf_181_clock_A/DIODE    1.50    1.70   -0.20 (VIOLATED)
ANTENNA_clkbuf_leaf_157_clock_A/DIODE    1.50    1.70   -0.20 (VIOLATED)
clkbuf_leaf_157_clock/A                 1.50    1.70   -0.20 (VIOLATED)
ANTENNA_clkbuf_leaf_182_clock_A/DIODE    1.50    1.70   -0.20 (VIOLATED)
ANTENNA_clkbuf_leaf_155_clock_A/DIODE    1.50    1.70   -0.20 (VIOLATED)
clkbuf_leaf_155_clock/A                 1.50    1.70   -0.20 (VIOLATED)
clkbuf_leaf_182_clock/A                 1.50    1.70   -0.20 (VIOLATED)
clkbuf_leaf_183_clock/A                 1.50    1.70   -0.20 (VIOLATED)
ANTENNA_clkbuf_leaf_183_clock_A/DIODE    1.50    1.70   -0.20 (VIOLATED)
clkbuf_leaf_180_clock/A                 1.50    1.70   -0.20 (VIOLATED)
ANTENNA_clkbuf_leaf_179_clock_A/DIODE    1.50    1.70   -0.20 (VIOLATED)
ANTENNA_clkbuf_leaf_180_clock_A/DIODE    1.50    1.70   -0.20 (VIOLATED)
clkbuf_leaf_179_clock/A                 1.50    1.70   -0.20 (VIOLATED)
clkbuf_leaf_186_clock/A                 1.50    1.70   -0.20 (VIOLATED)
ANTENNA_clkbuf_leaf_186_clock_A/DIODE    1.50    1.70   -0.20 (VIOLATED)
clkbuf_leaf_175_clock/A                 1.50    1.70   -0.20 (VIOLATED)
ANTENNA_clkbuf_leaf_175_clock_A/DIODE    1.50    1.70   -0.20 (VIOLATED)
clkbuf_leaf_176_clock/A                 1.50    1.70   -0.20 (VIOLATED)
clkbuf_leaf_177_clock/A                 1.50    1.70   -0.20 (VIOLATED)
ANTENNA_clkbuf_leaf_177_clock_A/DIODE    1.50    1.70   -0.20 (VIOLATED)
ANTENNA_clkbuf_leaf_176_clock_A/DIODE    1.50    1.70   -0.20 (VIOLATED)
clkbuf_4_2_0_clock/X                    1.50    1.70   -0.19 (VIOLATED)
clkbuf_leaf_128_clock/A                 1.50    1.61   -0.11 (VIOLATED)
ANTENNA_clkbuf_leaf_128_clock_A/DIODE    1.50    1.61   -0.11 (VIOLATED)
clkbuf_leaf_127_clock/A                 1.50    1.61   -0.11 (VIOLATED)
ANTENNA_clkbuf_leaf_127_clock_A/DIODE    1.50    1.61   -0.11 (VIOLATED)
clkbuf_leaf_83_clock/A                  1.50    1.61   -0.11 (VIOLATED)
ANTENNA_clkbuf_leaf_83_clock_A/DIODE    1.50    1.61   -0.11 (VIOLATED)
ANTENNA_clkbuf_leaf_84_clock_A/DIODE    1.50    1.61   -0.11 (VIOLATED)
clkbuf_leaf_86_clock/A                  1.50    1.61   -0.11 (VIOLATED)
ANTENNA_clkbuf_leaf_86_clock_A/DIODE    1.50    1.61   -0.11 (VIOLATED)
clkbuf_leaf_84_clock/A                  1.50    1.61   -0.11 (VIOLATED)
clkbuf_leaf_66_clock/A                  1.50    1.61   -0.11 (VIOLATED)
clkbuf_leaf_72_clock/A                  1.50    1.61   -0.11 (VIOLATED)
ANTENNA_clkbuf_leaf_66_clock_A/DIODE    1.50    1.61   -0.11 (VIOLATED)
ANTENNA_clkbuf_leaf_72_clock_A/DIODE    1.50    1.61   -0.11 (VIOLATED)
clkbuf_leaf_73_clock/A                  1.50    1.61   -0.11 (VIOLATED)
ANTENNA_clkbuf_leaf_73_clock_A/DIODE    1.50    1.61   -0.11 (VIOLATED)
clkbuf_leaf_74_clock/A                  1.50    1.61   -0.11 (VIOLATED)
ANTENNA_clkbuf_leaf_74_clock_A/DIODE    1.50    1.61   -0.11 (VIOLATED)
clkbuf_leaf_81_clock/A                  1.50    1.61   -0.11 (VIOLATED)
clkbuf_leaf_80_clock/A                  1.50    1.61   -0.11 (VIOLATED)
clkbuf_leaf_88_clock/A                  1.50    1.61   -0.11 (VIOLATED)
ANTENNA_clkbuf_leaf_88_clock_A/DIODE    1.50    1.61   -0.11 (VIOLATED)
ANTENNA_clkbuf_leaf_80_clock_A/DIODE    1.50    1.61   -0.11 (VIOLATED)
clkbuf_leaf_79_clock/A                  1.50    1.61   -0.11 (VIOLATED)
ANTENNA_clkbuf_leaf_79_clock_A/DIODE    1.50    1.61   -0.11 (VIOLATED)
ANTENNA_clkbuf_leaf_81_clock_A/DIODE    1.50    1.61   -0.11 (VIOLATED)
ANTENNA_clkbuf_leaf_82_clock_A/DIODE    1.50    1.61   -0.11 (VIOLATED)
clkbuf_leaf_82_clock/A                  1.50    1.61   -0.11 (VIOLATED)
clkbuf_4_12_0_clock/X                   1.50    1.61   -0.10 (VIOLATED)
clkbuf_leaf_18_clock/A                  1.50    1.56   -0.06 (VIOLATED)
ANTENNA_clkbuf_leaf_18_clock_A/DIODE    1.50    1.56   -0.06 (VIOLATED)
clkbuf_leaf_15_clock/A                  1.50    1.56   -0.06 (VIOLATED)
clkbuf_leaf_16_clock/A                  1.50    1.56   -0.06 (VIOLATED)
ANTENNA_clkbuf_leaf_15_clock_A/DIODE    1.50    1.56   -0.06 (VIOLATED)
ANTENNA_clkbuf_leaf_16_clock_A/DIODE    1.50    1.56   -0.06 (VIOLATED)
ANTENNA_clkbuf_leaf_14_clock_A/DIODE    1.50    1.56   -0.06 (VIOLATED)
clkbuf_leaf_14_clock/A                  1.50    1.56   -0.06 (VIOLATED)
ANTENNA_clkbuf_opt_3_0_clock_A/DIODE    1.50    1.56   -0.06 (VIOLATED)
clkbuf_opt_3_0_clock/A                  1.50    1.56   -0.06 (VIOLATED)
clkbuf_leaf_13_clock/A                  1.50    1.56   -0.06 (VIOLATED)
ANTENNA_clkbuf_leaf_13_clock_A/DIODE    1.50    1.56   -0.06 (VIOLATED)
clkbuf_leaf_39_clock/A                  1.50    1.56   -0.06 (VIOLATED)
ANTENNA_clkbuf_leaf_39_clock_A/DIODE    1.50    1.56   -0.06 (VIOLATED)
clkbuf_leaf_40_clock/A                  1.50    1.56   -0.06 (VIOLATED)
ANTENNA_clkbuf_leaf_40_clock_A/DIODE    1.50    1.56   -0.06 (VIOLATED)
clkbuf_leaf_41_clock/A                  1.50    1.56   -0.06 (VIOLATED)
ANTENNA_clkbuf_leaf_41_clock_A/DIODE    1.50    1.56   -0.06 (VIOLATED)
ANTENNA_clkbuf_leaf_35_clock_A/DIODE    1.50    1.56   -0.06 (VIOLATED)
clkbuf_leaf_35_clock/A                  1.50    1.56   -0.06 (VIOLATED)
clkbuf_leaf_36_clock/A                  1.50    1.56   -0.06 (VIOLATED)
ANTENNA_clkbuf_leaf_36_clock_A/DIODE    1.50    1.56   -0.06 (VIOLATED)
clkbuf_leaf_38_clock/A                  1.50    1.56   -0.06 (VIOLATED)
clkbuf_leaf_37_clock/A                  1.50    1.56   -0.06 (VIOLATED)
ANTENNA_clkbuf_leaf_37_clock_A/DIODE    1.50    1.56   -0.06 (VIOLATED)
ANTENNA_clkbuf_leaf_38_clock_A/DIODE    1.50    1.56   -0.06 (VIOLATED)
clkbuf_4_4_0_clock/X                    1.50    1.56   -0.06 (VIOLATED)
clkbuf_leaf_167_clock/A                 1.50    1.55   -0.05 (VIOLATED)
clkbuf_opt_2_0_clock/A                  1.50    1.55   -0.05 (VIOLATED)
ANTENNA_clkbuf_opt_2_0_clock_A/DIODE    1.50    1.55   -0.05 (VIOLATED)
ANTENNA_clkbuf_leaf_167_clock_A/DIODE    1.50    1.55   -0.05 (VIOLATED)
clkbuf_leaf_168_clock/A                 1.50    1.55   -0.05 (VIOLATED)
ANTENNA_clkbuf_leaf_168_clock_A/DIODE    1.50    1.55   -0.05 (VIOLATED)
ANTENNA_clkbuf_leaf_26_clock_A/DIODE    1.50    1.55   -0.05 (VIOLATED)
clkbuf_leaf_26_clock/A                  1.50    1.55   -0.05 (VIOLATED)
clkbuf_leaf_25_clock/A                  1.50    1.55   -0.05 (VIOLATED)
ANTENNA_clkbuf_leaf_25_clock_A/DIODE    1.50    1.55   -0.05 (VIOLATED)
ANTENNA_clkbuf_leaf_22_clock_A/DIODE    1.50    1.55   -0.05 (VIOLATED)
clkbuf_leaf_22_clock/A                  1.50    1.55   -0.05 (VIOLATED)
clkbuf_leaf_173_clock/A                 1.50    1.55   -0.05 (VIOLATED)
ANTENNA_clkbuf_leaf_173_clock_A/DIODE    1.50    1.55   -0.05 (VIOLATED)
clkbuf_leaf_169_clock/A                 1.50    1.55   -0.05 (VIOLATED)
ANTENNA_clkbuf_leaf_169_clock_A/DIODE    1.50    1.55   -0.05 (VIOLATED)
clkbuf_leaf_172_clock/A                 1.50    1.55   -0.05 (VIOLATED)
ANTENNA_clkbuf_leaf_172_clock_A/DIODE    1.50    1.55   -0.05 (VIOLATED)
clkbuf_leaf_174_clock/A                 1.50    1.55   -0.05 (VIOLATED)
ANTENNA_clkbuf_leaf_174_clock_A/DIODE    1.50    1.55   -0.05 (VIOLATED)
ANTENNA_clkbuf_leaf_171_clock_A/DIODE    1.50    1.55   -0.05 (VIOLATED)
clkbuf_leaf_171_clock/A                 1.50    1.55   -0.05 (VIOLATED)
clkbuf_leaf_165_clock/A                 1.50    1.55   -0.05 (VIOLATED)
ANTENNA_clkbuf_leaf_165_clock_A/DIODE    1.50    1.55   -0.05 (VIOLATED)
clkbuf_leaf_170_clock/A                 1.50    1.55   -0.05 (VIOLATED)
ANTENNA_clkbuf_leaf_170_clock_A/DIODE    1.50    1.55   -0.05 (VIOLATED)
clkbuf_4_3_0_clock/X                    1.50    1.55   -0.05 (VIOLATED)

max capacitance

Pin                                    Limit     Cap   Slack
------------------------------------------------------------
clkbuf_4_5_0_clock/X                    0.18    0.22   -0.04 (VIOLATED)
clkbuf_4_0_0_clock/X                    0.18    0.22   -0.03 (VIOLATED)
clkbuf_4_15_0_clock/X                   0.18    0.21   -0.03 (VIOLATED)
clkbuf_4_13_0_clock/X                   0.18    0.21   -0.03 (VIOLATED)
clkbuf_4_14_0_clock/X                   0.18    0.21   -0.03 (VIOLATED)
clkbuf_4_2_0_clock/X                    0.18    0.21   -0.03 (VIOLATED)
clkbuf_4_12_0_clock/X                   0.18    0.20   -0.01 (VIOLATED)
clkbuf_4_4_0_clock/X                    0.18    0.19   -0.01 (VIOLATED)
clkbuf_4_3_0_clock/X                    0.18    0.19   -0.01 (VIOLATED)


======================= Typical Corner ===================================


======================= Fastest Corner ===================================


===========================================================================
max slew violation count 261
max fanout violation count 0
max cap violation count 9
============================================================================
