
===========================================================================
report_checks -unconstrained
============================================================================
Startpoint: io_ibus_addr[2] (input port clocked by clock)
Endpoint: io_imem_io_addr[0] (output port clocked by clock)
Path Group: clock
Path Type: max

Fanout     Cap    Slew   Delay    Time   Description
-----------------------------------------------------------------------------
                          0.00    0.00   clock clock (rise edge)
                          0.00    0.00   clock network delay (propagated)
                          4.00    4.00 ^ input external delay
                  0.04    0.03    4.03 ^ io_ibus_addr[2] (in)
     2    0.01                           io_ibus_addr[2] (net)
                  0.04    0.00    4.03 ^ input93/A (sky130_fd_sc_hd__dlymetal6s2s_1)
                  0.16    0.18    4.21 ^ input93/X (sky130_fd_sc_hd__dlymetal6s2s_1)
     4    0.01                           net93 (net)
                  0.16    0.00    4.21 ^ _2307_/A (sky130_fd_sc_hd__clkbuf_2)
                  0.14    0.22    4.43 ^ _2307_/X (sky130_fd_sc_hd__clkbuf_2)
     5    0.03                           _2068_ (net)
                  0.14    0.00    4.43 ^ _2308_/A (sky130_fd_sc_hd__dlymetal6s2s_1)
                  0.23    0.26    4.70 ^ _2308_/X (sky130_fd_sc_hd__dlymetal6s2s_1)
     5    0.02                           _2069_ (net)
                  0.23    0.00    4.70 ^ _2309_/A (sky130_fd_sc_hd__clkbuf_2)
                  0.17    0.26    4.96 ^ _2309_/X (sky130_fd_sc_hd__clkbuf_2)
     5    0.03                           _2070_ (net)
                  0.17    0.00    4.96 ^ _2310_/A (sky130_fd_sc_hd__buf_2)
                  0.16    0.24    5.20 ^ _2310_/X (sky130_fd_sc_hd__buf_2)
     5    0.03                           _2071_ (net)
                  0.16    0.00    5.20 ^ _2311_/A (sky130_fd_sc_hd__clkbuf_2)
                  0.18    0.25    5.46 ^ _2311_/X (sky130_fd_sc_hd__clkbuf_2)
     5    0.03                           _2072_ (net)
                  0.18    0.00    5.46 ^ _2312_/A (sky130_fd_sc_hd__buf_2)
                  0.29    0.34    5.80 ^ _2312_/X (sky130_fd_sc_hd__buf_2)
    10    0.06                           _2073_ (net)
                  0.29    0.01    5.80 ^ _2313_/A (sky130_fd_sc_hd__clkbuf_2)
                  0.14    0.25    6.06 ^ _2313_/X (sky130_fd_sc_hd__clkbuf_2)
     5    0.02                           _2074_ (net)
                  0.14    0.00    6.06 ^ _2314_/A (sky130_fd_sc_hd__dlymetal6s2s_1)
                  0.20    0.24    6.30 ^ _2314_/X (sky130_fd_sc_hd__dlymetal6s2s_1)
     5    0.02                           _2075_ (net)
                  0.20    0.00    6.30 ^ _2315_/A (sky130_fd_sc_hd__buf_2)
                  0.36    0.40    6.70 ^ _2315_/X (sky130_fd_sc_hd__buf_2)
    10    0.07                           _2076_ (net)
                  0.36    0.00    6.70 ^ _2316_/A (sky130_fd_sc_hd__buf_4)
                  0.28    0.38    7.07 ^ _2316_/X (sky130_fd_sc_hd__buf_4)
    10    0.10                           _2077_ (net)
                  0.28    0.01    7.09 ^ _2320_/A0 (sky130_fd_sc_hd__mux2_1)
                  0.10    0.24    7.32 ^ _2320_/X (sky130_fd_sc_hd__mux2_1)
     1    0.01                           _2080_ (net)
                  0.10    0.00    7.32 ^ _2321_/A (sky130_fd_sc_hd__buf_8)
                  0.16    0.20    7.52 ^ _2321_/X (sky130_fd_sc_hd__buf_8)
     2    0.10                           net281 (net)
                  0.17    0.03    7.55 ^ output281/A (sky130_fd_sc_hd__buf_2)
                  0.18    0.26    7.82 ^ output281/X (sky130_fd_sc_hd__buf_2)
     1    0.03                           io_imem_io_addr[0] (net)
                  0.18    0.00    7.82 ^ io_imem_io_addr[0] (out)
                                  7.82   data arrival time

                         20.00   20.00   clock clock (rise edge)
                          0.00   20.00   clock network delay (propagated)
                         -0.25   19.75   clock uncertainty
                          0.00   19.75   clock reconvergence pessimism
                         -4.00   15.75   output external delay
                                 15.75   data required time
-----------------------------------------------------------------------------
                                 15.75   data required time
                                 -7.82   data arrival time
-----------------------------------------------------------------------------
                                  7.93   slack (MET)



===========================================================================
report_checks --slack_max -0.01
============================================================================
No paths found.
