
===========================================================================
 report_check_types -max_slew -max_cap -max_fanout -violators
============================================================================

======================= Slowest Corner ===================================

max slew

Pin                                    Limit    Slew   Slack
------------------------------------------------------------
_3092_/Y                                1.50    2.37   -0.87 (VIOLATED)
_3197_/B                                1.50    2.37   -0.87 (VIOLATED)
ANTENNA__3197__B/DIODE                  1.50    2.37   -0.87 (VIOLATED)
ANTENNA__3844__C/DIODE                  1.50    2.37   -0.87 (VIOLATED)
ANTENNA__4285__B/DIODE                  1.50    2.37   -0.87 (VIOLATED)
_3844_/C                                1.50    2.37   -0.87 (VIOLATED)
ANTENNA__3099__B/DIODE                  1.50    2.37   -0.87 (VIOLATED)
_3099_/B                                1.50    2.37   -0.87 (VIOLATED)
_4285_/B                                1.50    2.37   -0.87 (VIOLATED)
_4191_/X                                1.50    1.99   -0.49 (VIOLATED)
_4201_/A                                1.50    1.99   -0.49 (VIOLATED)
ANTENNA__4201__A/DIODE                  1.50    1.99   -0.49 (VIOLATED)
_4217_/X                                1.50    1.93   -0.43 (VIOLATED)
_4218_/A2                               1.50    1.93   -0.43 (VIOLATED)
_4231_/A2                               1.50    1.89   -0.39 (VIOLATED)
_4230_/X                                1.50    1.89   -0.39 (VIOLATED)
_4103_/Y                                1.50    1.86   -0.37 (VIOLATED)
_4338_/C1                               1.50    1.86   -0.36 (VIOLATED)
_4281_/B                                1.50    1.86   -0.36 (VIOLATED)
_4104_/C                                1.50    1.86   -0.36 (VIOLATED)
_4312_/D                                1.50    1.86   -0.36 (VIOLATED)
_3025_/Y                                1.50    1.60   -0.10 (VIOLATED)
ANTENNA__4042__C/DIODE                  1.50    1.60   -0.10 (VIOLATED)
_3026_/C                                1.50    1.60   -0.10 (VIOLATED)
_4042_/C                                1.50    1.60   -0.10 (VIOLATED)
ANTENNA__3026__C/DIODE                  1.50    1.60   -0.10 (VIOLATED)
ANTENNA__4118__A/DIODE                  1.50    1.60   -0.10 (VIOLATED)
ANTENNA__3360__A/DIODE                  1.50    1.60   -0.10 (VIOLATED)
ANTENNA__4097__A/DIODE                  1.50    1.60   -0.10 (VIOLATED)
_4097_/A                                1.50    1.60   -0.10 (VIOLATED)
_3360_/A                                1.50    1.60   -0.10 (VIOLATED)
_4118_/A                                1.50    1.60   -0.10 (VIOLATED)
_2815_/Y                                1.50    1.58   -0.09 (VIOLATED)
_4247_/A                                1.50    1.58   -0.08 (VIOLATED)
ANTENNA__4247__A/DIODE                  1.50    1.58   -0.08 (VIOLATED)
ANTENNA__4044__A/DIODE                  1.50    1.58   -0.08 (VIOLATED)
ANTENNA__3842__C/DIODE                  1.50    1.58   -0.08 (VIOLATED)
_4044_/A                                1.50    1.58   -0.08 (VIOLATED)
_3225_/B                                1.50    1.58   -0.08 (VIOLATED)
ANTENNA__3225__B/DIODE                  1.50    1.58   -0.08 (VIOLATED)
_2816_/C                                1.50    1.58   -0.08 (VIOLATED)
ANTENNA__2816__C/DIODE                  1.50    1.58   -0.08 (VIOLATED)
_3842_/C                                1.50    1.58   -0.08 (VIOLATED)
clkbuf_leaf_13_clock/A                  1.50    1.57   -0.07 (VIOLATED)
ANTENNA_clkbuf_leaf_13_clock_A/DIODE    1.50    1.57   -0.07 (VIOLATED)
clkbuf_leaf_14_clock/A                  1.50    1.57   -0.07 (VIOLATED)
ANTENNA_clkbuf_leaf_14_clock_A/DIODE    1.50    1.57   -0.07 (VIOLATED)
clkbuf_leaf_18_clock/A                  1.50    1.57   -0.07 (VIOLATED)
ANTENNA_clkbuf_leaf_18_clock_A/DIODE    1.50    1.57   -0.07 (VIOLATED)
clkbuf_leaf_19_clock/A                  1.50    1.57   -0.07 (VIOLATED)
ANTENNA_clkbuf_leaf_19_clock_A/DIODE    1.50    1.57   -0.07 (VIOLATED)
ANTENNA_clkbuf_leaf_17_clock_A/DIODE    1.50    1.57   -0.07 (VIOLATED)
clkbuf_leaf_17_clock/A                  1.50    1.57   -0.07 (VIOLATED)
clkbuf_opt_2_0_clock/A                  1.50    1.57   -0.07 (VIOLATED)
ANTENNA_clkbuf_opt_2_0_clock_A/DIODE    1.50    1.57   -0.07 (VIOLATED)
clkbuf_opt_1_0_clock/A                  1.50    1.57   -0.07 (VIOLATED)
ANTENNA_clkbuf_opt_1_0_clock_A/DIODE    1.50    1.57   -0.07 (VIOLATED)
ANTENNA_clkbuf_leaf_10_clock_A/DIODE    1.50    1.57   -0.07 (VIOLATED)
clkbuf_leaf_10_clock/A                  1.50    1.57   -0.07 (VIOLATED)
clkbuf_leaf_15_clock/A                  1.50    1.57   -0.07 (VIOLATED)
ANTENNA_clkbuf_leaf_15_clock_A/DIODE    1.50    1.57   -0.07 (VIOLATED)
clkbuf_leaf_9_clock/A                   1.50    1.57   -0.07 (VIOLATED)
ANTENNA_clkbuf_leaf_9_clock_A/DIODE     1.50    1.57   -0.07 (VIOLATED)
clkbuf_leaf_16_clock/A                  1.50    1.57   -0.07 (VIOLATED)
ANTENNA_clkbuf_leaf_8_clock_A/DIODE     1.50    1.57   -0.07 (VIOLATED)
clkbuf_leaf_8_clock/A                   1.50    1.57   -0.07 (VIOLATED)
clkbuf_leaf_7_clock/A                   1.50    1.57   -0.07 (VIOLATED)
ANTENNA_clkbuf_leaf_7_clock_A/DIODE     1.50    1.57   -0.07 (VIOLATED)
ANTENNA_clkbuf_leaf_16_clock_A/DIODE    1.50    1.57   -0.07 (VIOLATED)
clkbuf_1_0_0_clock/X                    1.50    1.57   -0.06 (VIOLATED)
_3237_/Y                                1.50    1.54   -0.05 (VIOLATED)
_3238_/A                                1.50    1.54   -0.04 (VIOLATED)
ANTENNA__3238__A/DIODE                  1.50    1.54   -0.04 (VIOLATED)
_4144_/A                                1.50    1.54   -0.04 (VIOLATED)
ANTENNA__4144__A/DIODE                  1.50    1.54   -0.04 (VIOLATED)
ANTENNA__4373__A/DIODE                  1.50    1.54   -0.04 (VIOLATED)
_4373_/A                                1.50    1.54   -0.04 (VIOLATED)
_4290_/A2                               1.50    1.52   -0.02 (VIOLATED)
ANTENNA__4290__A2/DIODE                 1.50    1.52   -0.02 (VIOLATED)
ANTENNA__4189__A2/DIODE                 1.50    1.52   -0.02 (VIOLATED)
ANTENNA__3877__A2/DIODE                 1.50    1.52   -0.02 (VIOLATED)
ANTENNA__2938__A2/DIODE                 1.50    1.52   -0.02 (VIOLATED)
ANTENNA__3352__A2/DIODE                 1.50    1.52   -0.02 (VIOLATED)
_3877_/A2                               1.50    1.52   -0.02 (VIOLATED)
_4189_/A2                               1.50    1.52   -0.02 (VIOLATED)
_2938_/A2                               1.50    1.52   -0.02 (VIOLATED)
_3352_/A2                               1.50    1.52   -0.02 (VIOLATED)
_2930_/Y                                1.50    1.52   -0.02 (VIOLATED)

max capacitance

Pin                                    Limit     Cap   Slack
------------------------------------------------------------
_3092_/Y                                0.09    0.14   -0.05 (VIOLATED)
_4191_/X                                0.09    0.12   -0.03 (VIOLATED)
_4217_/X                                0.09    0.12   -0.03 (VIOLATED)
_4230_/X                                0.10    0.13   -0.03 (VIOLATED)
_4103_/Y                                0.09    0.11   -0.02 (VIOLATED)
clkbuf_1_0_0_clock/X                    0.18    0.19   -0.01 (VIOLATED)
_3025_/Y                                0.09    0.09   -0.01 (VIOLATED)
_2815_/Y                                0.09    0.09   -0.01 (VIOLATED)
_3237_/Y                                0.09    0.09   -0.00 (VIOLATED)
_2930_/Y                                0.15    0.16   -0.00 (VIOLATED)


======================= Typical Corner ===================================


======================= Fastest Corner ===================================


===========================================================================
max slew violation count 88
max fanout violation count 0
max cap violation count 10
============================================================================
